Component: ARM Compiler 5.06 update 6 (build 750) Tool: armlink [4d35ed]

==============================================================================

Section Cross References

    startup_stm32f103xb.o(STACK) refers (Special) to heapauxi.o(.text) for __use_two_region_memory
    startup_stm32f103xb.o(HEAP) refers (Special) to heapauxi.o(.text) for __use_two_region_memory
    startup_stm32f103xb.o(RESET) refers (Special) to heapauxi.o(.text) for __use_two_region_memory
    startup_stm32f103xb.o(RESET) refers to startup_stm32f103xb.o(STACK) for __initial_sp
    startup_stm32f103xb.o(RESET) refers to startup_stm32f103xb.o(.text) for Reset_Handler
    startup_stm32f103xb.o(RESET) refers to stm32f1xx_it.o(i.NMI_Handler) for NMI_Handler
    startup_stm32f103xb.o(RESET) refers to stm32f1xx_it.o(i.HardFault_Handler) for HardFault_Handler
    startup_stm32f103xb.o(RESET) refers to stm32f1xx_it.o(i.MemManage_Handler) for MemManage_Handler
    startup_stm32f103xb.o(RESET) refers to stm32f1xx_it.o(i.BusFault_Handler) for BusFault_Handler
    startup_stm32f103xb.o(RESET) refers to stm32f1xx_it.o(i.UsageFault_Handler) for UsageFault_Handler
    startup_stm32f103xb.o(RESET) refers to stm32f1xx_it.o(i.SVC_Handler) for SVC_Handler
    startup_stm32f103xb.o(RESET) refers to stm32f1xx_it.o(i.DebugMon_Handler) for DebugMon_Handler
    startup_stm32f103xb.o(RESET) refers to stm32f1xx_it.o(i.PendSV_Handler) for PendSV_Handler
    startup_stm32f103xb.o(RESET) refers to stm32f1xx_it.o(i.SysTick_Handler) for SysTick_Handler
    startup_stm32f103xb.o(RESET) refers to stm32f1xx_it.o(i.DMA1_Channel1_IRQHandler) for DMA1_Channel1_IRQHandler
    startup_stm32f103xb.o(RESET) refers to stm32f1xx_it.o(i.ADC1_2_IRQHandler) for ADC1_2_IRQHandler
    startup_stm32f103xb.o(RESET) refers to stm32f1xx_it.o(i.EXTI9_5_IRQHandler) for EXTI9_5_IRQHandler
    startup_stm32f103xb.o(RESET) refers to stm32f1xx_it.o(i.USART1_IRQHandler) for USART1_IRQHandler
    startup_stm32f103xb.o(RESET) refers to stm32f1xx_it.o(i.RTC_Alarm_IRQHandler) for RTC_Alarm_IRQHandler
    startup_stm32f103xb.o(.text) refers (Special) to heapauxi.o(.text) for __use_two_region_memory
    startup_stm32f103xb.o(.text) refers to system_stm32f1xx.o(i.SystemInit) for SystemInit
    startup_stm32f103xb.o(.text) refers to __main.o(!!!main) for __main
    startup_stm32f103xb.o(.text) refers to startup_stm32f103xb.o(HEAP) for Heap_Mem
    startup_stm32f103xb.o(.text) refers to startup_stm32f103xb.o(STACK) for Stack_Mem
    nbiot.o(i.Clear_Buffer) refers to rt_memclr.o(.text) for __aeabi_memclr
    nbiot.o(i.Clear_Buffer) refers to main.o(.bss) for USART1_RxBuffer
    nbiot.o(i.NB_IoT_ack_check) refers to stm32f1xx_hal.o(i.HAL_Delay) for HAL_Delay
    nbiot.o(i.NB_IoT_ack_check) refers to strstr.o(.text) for strstr
    nbiot.o(i.NB_IoT_ack_check) refers to main.o(.bss) for USART1_RxBuffer
    nbiot.o(i.NB_IoT_connect_MQTT) refers to nbiot.o(i.send_NB_IoT) for send_NB_IoT
    nbiot.o(i.NB_IoT_connect_MQTT) refers to stm32f1xx_hal.o(i.HAL_Delay) for HAL_Delay
    nbiot.o(i.NB_IoT_connect_MQTT) refers to nbiot.o(i.Clear_Buffer) for Clear_Buffer
    nbiot.o(i.NB_IoT_connect_MQTT) refers to nbiot.o(i.NB_IoT_ack_check) for NB_IoT_ack_check
    nbiot.o(i.NB_IotConnect) refers to nbiot.o(i.send_NB_IoT) for send_NB_IoT
    nbiot.o(i.NB_IotConnect) refers to stm32f1xx_hal.o(i.HAL_Delay) for HAL_Delay
    nbiot.o(i.NB_IotConnect) refers to strstr.o(.text) for strstr
    nbiot.o(i.NB_IotConnect) refers to nbiot.o(i.Clear_Buffer) for Clear_Buffer
    nbiot.o(i.NB_IotConnect) refers to main.o(.bss) for USART1_RxBuffer
    nbiot.o(i.NB_IotConnect) refers to nbiot.o(.data) for strx
    nbiot.o(i.nbiot_reset) refers to nbiot.o(i.send_NB_IoT) for send_NB_IoT
    nbiot.o(i.nbiot_reset) refers to stm32f1xx_hal.o(i.HAL_Delay) for HAL_Delay
    nbiot.o(i.nbiot_reset) refers to nbiot.o(i.Clear_Buffer) for Clear_Buffer
    nbiot.o(i.send_NB_IoT) refers to strlen.o(.text) for strlen
    nbiot.o(i.send_NB_IoT) refers to stm32f1xx_hal_uart.o(i.HAL_UART_Transmit) for HAL_UART_Transmit
    nbiot.o(i.send_NB_IoT) refers to usart.o(.bss) for huart1
    sample.o(i.sample_adc) refers to stm32f1xx_hal_adc.o(i.HAL_ADC_Start_DMA) for HAL_ADC_Start_DMA
    sample.o(i.sample_adc) refers to main.o(.bss) for ADC_Buffer
    sample.o(i.sample_adc) refers to adc.o(.bss) for hadc1
    sample.o(i.sample_adc) refers to sample.o(.bss) for adc_data_1
    sample.o(i.sample_adc) refers to sample.o(.data) for adc1_idx
    main.o(i.Get_nowtime) refers to _scanf_int.o(.text) for _scanf_int
    main.o(i.Get_nowtime) refers to nbiot.o(i.send_NB_IoT) for send_NB_IoT
    main.o(i.Get_nowtime) refers to nbiot.o(i.Clear_Buffer) for Clear_Buffer
    main.o(i.Get_nowtime) refers to nbiot.o(i.NB_IoT_ack_check) for NB_IoT_ack_check
    main.o(i.Get_nowtime) refers to rt_memcpy_v6.o(.text) for __aeabi_memcpy
    main.o(i.Get_nowtime) refers to __0sscanf.o(.text) for __0sscanf
    main.o(i.Get_nowtime) refers to main.o(i.UpdateRTC) for UpdateRTC
[...]
    .ARM.Collect$$libinit$$00000004          0x08000162   Section        0  libinit2.o(.ARM.Collect$$libinit$$00000004)
    .ARM.Collect$$libinit$$0000000A          0x08000162   Section        0  libinit2.o(.ARM.Collect$$libinit$$0000000A)
    .ARM.Collect$$libinit$$0000000C          0x08000162   Section        0  libinit2.o(.ARM.Collect$$libinit$$0000000C)
    .ARM.Collect$$libinit$$0000000E          0x08000162   Section        0  libinit2.o(.ARM.Collect$$libinit$$0000000E)
    .ARM.Collect$$libinit$$0000000F          0x08000162   Section        6  libinit2.o(.ARM.Collect$$libinit$$0000000F)
    .ARM.Collect$$libinit$$00000011          0x08000168   Section        0  libinit2.o(.ARM.Collect$$libinit$$00000011)
    .ARM.Collect$$libinit$$00000012          0x08000168   Section       12  libinit2.o(.ARM.Collect$$libinit$$00000012)
    .ARM.Collect$$libinit$$00000013          0x08000174   Section        0  libinit2.o(.ARM.Collect$$libinit$$00000013)
    .ARM.Collect$$libinit$$00000015          0x08000174   Section        0  libinit2.o(.ARM.Collect$$libinit$$00000015)
    .ARM.Collect$$libinit$$00000017          0x08000174   Section        0  libinit2.o(.ARM.Collect$$libinit$$00000017)
    .ARM.Collect$$libinit$$00000019          0x08000174   Section        0  libinit2.o(.ARM.Collect$$libinit$$00000019)
    .ARM.Collect$$libinit$$0000001B          0x08000174   Section        0  libinit2.o(.ARM.Collect$$libinit$$0000001B)
    .ARM.Collect$$libinit$$0000001D          0x08000174   Section        0  libinit2.o(.ARM.Collect$$libinit$$0000001D)
    .ARM.Collect$$libinit$$0000001F          0x08000174   Section        0  libinit2.o(.ARM.Collect$$libinit$$0000001F)
    .ARM.Collect$$libinit$$00000021          0x08000174   Section        0  libinit2.o(.ARM.Collect$$libinit$$00000021)
    .ARM.Collect$$libinit$$00000023          0x08000174   Section        0  libinit2.o(.ARM.Collect$$libinit$$00000023)
    .ARM.Collect$$libinit$$00000025          0x08000174   Section        0  libinit2.o(.ARM.Collect$$libinit$$00000025)
    .ARM.Collect$$libinit$$0000002C          0x08000174   Section        0  libinit2.o(.ARM.Collect$$libinit$$0000002C)
    .ARM.Collect$$libinit$$0000002E          0x08000174   Section        0  libinit2.o(.ARM.Collect$$libinit$$0000002E)
    .ARM.Collect$$libinit$$00000030          0x08000174   Section        0  libinit2.o(.ARM.Collect$$libinit$$00000030)
    .ARM.Collect$$libinit$$00000032          0x08000174   Section        0  libinit2.o(.ARM.Collect$$libinit$$00000032)
    .ARM.Collect$$libinit$$00000033          0x08000174   Section        2  libinit2.o(.ARM.Collect$$libinit$$00000033)
    .ARM.Collect$$libshutdown$$00000000      0x08000176   Section        2  libshutdown.o(.ARM.Collect$$libshutdown$$00000000)
    .ARM.Collect$$libshutdown$$00000002      0x08000178   Section        0  libshutdown2.o(.ARM.Collect$$libshutdown$$00000002)
    .ARM.Collect$$libshutdown$$00000004      0x08000178   Section        0  libshutdown2.o(.ARM.Collect$$libshutdown$$00000004)
    .ARM.Collect$$libshutdown$$00000007      0x08000178   Section        0  libshutdown2.o(.ARM.Collect$$libshutdown$$00000007)
    .ARM.Collect$$libshutdown$$0000000A      0x08000178   Section        0  libshutdown2.o(.ARM.Collect$$libshutdown$$0000000A)
    .ARM.Collect$$libshutdown$$0000000C      0x08000178   Section        0  libshutdown2.o(.ARM.Collect$$libshutdown$$0000000C)
    .ARM.Collect$$libshutdown$$0000000F      0x08000178   Section        0  libshutdown2.o(.ARM.Collect$$libshutdown$$0000000F)
    .ARM.Collect$$libshutdown$$00000010      0x08000178   Section        2  libshutdown2.o(.ARM.Collect$$libshutdown$$00000010)
    .ARM.Collect$$rtentry$$00000000          0x0800017a   Section        0  __rtentry.o(.ARM.Collect$$rtentry$$00000000)
    .ARM.Collect$$rtentry$$00000002          0x0800017a   Section        0  __rtentry2.o(.ARM.Collect$$rtentry$$00000002)
    .ARM.Collect$$rtentry$$00000004          0x0800017a   Section        6  __rtentry4.o(.ARM.Collect$$rtentry$$00000004)
    .ARM.Collect$$rtentry$$00000009          0x08000180   Section        0  __rtentry2.o(.ARM.Collect$$rtentry$$00000009)
    .ARM.Collect$$rtentry$$0000000A          0x08000180   Section        4  __rtentry2.o(.ARM.Collect$$rtentry$$0000000A)
    .ARM.Collect$$rtentry$$0000000C          0x08000184   Section        0  __rtentry2.o(.ARM.Collect$$rtentry$$0000000C)
    .ARM.Collect$$rtentry$$0000000D          0x08000184   Section        8  __rtentry2.o(.ARM.Collect$$rtentry$$0000000D)
    .ARM.Collect$$rtexit$$00000000           0x0800018c   Section        2  rtexit.o(.ARM.Collect$$rtexit$$00000000)
    .ARM.Collect$$rtexit$$00000002           0x0800018e   Section        0  rtexit2.o(.ARM.Collect$$rtexit$$00000002)
    .ARM.Collect$$rtexit$$00000003           0x0800018e   Section        4  rtexit2.o(.ARM.Collect$$rtexit$$00000003)
    .ARM.Collect$$rtexit$$00000004           0x08000192   Section        6  rtexit2.o(.ARM.Collect$$rtexit$$00000004)
    .text                                    0x08000198   Section       64  startup_stm32f103xb.o(.text)
    .text                                    0x080001d8   Section        0  __0sscanf.o(.text)
    .text                                    0x08000214   Section        0  _scanf_int.o(.text)
    .text                                    0x08000360   Section        0  strstr.o(.text)
    .text                                    0x08000384   Section        0  strlen.o(.text)
    .text                                    0x080003c2   Section      138  rt_memcpy_v6.o(.text)
    .text                                    0x0800044c   Section      100  rt_memcpy_w.o(.text)
    .text                                    0x080004b0   Section       68  rt_memclr.o(.text)
    .text                                    0x080004f4   Section       78  rt_memclr_w.o(.text)
    .text                                    0x08000542   Section        0  heapauxi.o(.text)
    .text                                    0x08000548   Section        0  _chval.o(.text)
    .text                                    0x08000564   Section        0  scanf_char.o(.text)
    _scanf_char_input                        0x08000565   Thumb Code    12  scanf_char.o(.text)
    .text                                    0x08000590   Section        0  _sgetc.o(.text)
    .text                                    0x080005d0   Section        0  isspace.o(.text)
    .text                                    0x080005e4   Section        0  _scanf.o(.text)
    .text                                    0x08000958   Section       74  sys_stackheap_outer.o(.text)
    .text                                    0x080009a4   Section       16  rt_ctype_table.o(.text)
    .text                                    0x080009b4   Section        0  exit.o(.text)
    .text                                    0x080009c8   Section        8  libspace.o(.text)
    .text                                    0x080009d0   Section        8  rt_locale_intlibspace.o(.text)
    .text                                    0x080009d8   Section      128  strcmpv7m.o(.text)
    .text                                    0x08000a58   Section        0  sys_exit.o(.text)
    .text                                    0x08000a64   Section        2  use_no_semi.o(.text)
    .text                                    0x08000a66   Section        0  indicate_semi.o(.text)
    i.ADC1_2_IRQHandler                      0x08000a68   Section        0  stm32f1xx_it.o(i.ADC1_2_IRQHandler)
    i.ADC_ConversionStop_Disable             0x08000a78   Section        0  stm32f1xx_hal_adc.o(i.ADC_ConversionStop_Disable)
    i.ADC_DMAConvCplt                        0x08000ad4   Section        0  stm32f1xx_hal_adc.o(i.ADC_DMAConvCplt)
    i.ADC_DMAError                           0x08000b26   Section        0  stm32f1xx_hal_adc.o(i.ADC_DMAError)
    i.ADC_DMAHalfConvCplt                    0x08000b44   Section        0  stm32f1xx_hal_adc.o(i.ADC_DMAHalfConvCplt)
    i.ADC_Enable                             0x08000b54   Section        0  stm32f1xx_hal_adc.o(i.ADC_Enable)
    i.BusFault_Handler                       0x08000be4   Section        0  stm32f1xx_it.o(i.BusFault_Handler)
    i.Clear_Buffer                           0x08000be8   Section        0  nbiot.o(i.Clear_Buffer)
    i.DMA1_Channel1_IRQHandler               0x08000bfc   Section        0  stm32f1xx_it.o(i.DMA1_Channel1_IRQHandler)
    i.DMA_SetConfig                          0x08000c0c   Section        0  stm32f1xx_hal_dma.o(i.DMA_SetConfig)
    DMA_SetConfig                            0x08000c0d   Thumb Code    44  stm32f1xx_hal_dma.o(i.DMA_SetConfig)
    i.DebugMon_Handler                       0x08000c38   Section        0  stm32f1xx_it.o(i.DebugMon_Handler)
    i.EXTI9_5_IRQHandler                     0x08000c3a   Section        0  stm32f1xx_it.o(i.EXTI9_5_IRQHandler)
    i.Error_Handler                          0x08000c46   Section        0  main.o(i.Error_Handler)
    i.Get_nowtime                            0x08000c4c   Section        0  main.o(i.Get_nowtime)
    i.HAL_ADCEx_InjectedConvCpltCallback     0x08000d3c   Section        0  stm32f1xx_hal_adc_ex.o(i.HAL_ADCEx_InjectedConvCpltCallback)
    i.HAL_ADC_ConfigChannel                  0x08000d40   Section        0  stm32f1xx_hal_adc.o(i.HAL_ADC_ConfigChannel)
    i.HAL_ADC_ConvCpltCallback               0x08000ea0   Section        0  stm32f1xx_hal_adc.o(i.HAL_ADC_ConvCpltCallback)
    i.HAL_ADC_ConvHalfCpltCallback           0x08000ea2   Section        0  stm32f1xx_hal_adc.o(i.HAL_ADC_ConvHalfCpltCallback)
    i.HAL_ADC_ErrorCallback                  0x08000ea4   Section        0  stm32f1xx_hal_adc.o(i.HAL_ADC_ErrorCallback)
    i.HAL_ADC_IRQHandler                     0x08000ea6   Section        0  stm32f1xx_hal_adc.o(i.HAL_ADC_IRQHandler)
    i.HAL_ADC_Init                           0x08000fb8   Section        0  stm32f1xx_hal_adc.o(i.HAL_ADC_Init)
    i.HAL_ADC_LevelOutOfWindowCallback       0x080010fc   Section        0  stm32f1xx_hal_adc.o(i.HAL_ADC_LevelOutOfWindowCallback)
    i.HAL_ADC_MspInit                        0x08001100   Section        0  adc.o(i.HAL_ADC_MspInit)
    i.HAL_ADC_Start_DMA                      0x080011c0   Section        0  stm32f1xx_hal_adc.o(i.HAL_ADC_Start_DMA)
    i.HAL_DMA_Abort                          0x08001340   Section        0  stm32f1xx_hal_dma.o(i.HAL_DMA_Abort)
    i.HAL_DMA_Abort_IT                       0x08001398   Section        0  stm32f1xx_hal_dma.o(i.HAL_DMA_Abort_IT)
    i.HAL_DMA_IRQHandler                     0x08001448   Section        0  stm32f1xx_hal_dma.o(i.HAL_DMA_IRQHandler)
    i.HAL_DMA_Init                           0x080015e4   Section        0  stm32f1xx_hal_dma.o(i.HAL_DMA_Init)
    i.HAL_DMA_Start_IT                       0x0800164c   Section        0  stm32f1xx_hal_dma.o(i.HAL_DMA_Start_IT)
    i.HAL_Delay                              0x080016e8   Section        0  stm32f1xx_hal.o(i.HAL_Delay)
    i.HAL_GPIO_EXTI_Callback                 0x08001710   Section        0  main.o(i.HAL_GPIO_EXTI_Callback)
    i.HAL_GPIO_EXTI_IRQHandler               0x080018ac   Section        0  stm32f1xx_hal_gpio.o(i.HAL_GPIO_EXTI_IRQHandler)
    i.HAL_GPIO_Init                          0x080018c8   Section        0  stm32f1xx_hal_gpio.o(i.HAL_GPIO_Init)
    i.HAL_GPIO_WritePin                      0x08001be8   Section        0  stm32f1xx_hal_gpio.o(i.HAL_GPIO_WritePin)
    i.HAL_GetTick                            0x08001bf4   Section        0  stm32f1xx_hal.o(i.HAL_GetTick)
    i.HAL_IncTick                            0x08001c00   Section        0  stm32f1xx_hal.o(i.HAL_IncTick)
    i.HAL_Init                               0x08001c18   Section        0  stm32f1xx_hal.o(i.HAL_Init)
    i.HAL_InitTick                           0x08001c40   Section        0  stm32f1xx_hal.o(i.HAL_InitTick)
    i.HAL_MspInit                            0x08001c8c   Section        0  stm32f1xx_hal_msp.o(i.HAL_MspInit)
    i.HAL_NVIC_EnableIRQ                     0x08001ce0   Section        0  stm32f1xx_hal_cortex.o(i.HAL_NVIC_EnableIRQ)
    i.HAL_NVIC_SetPriority                   0x08001d00   Section        0  stm32f1xx_hal_cortex.o(i.HAL_NVIC_SetPriority)
    i.HAL_NVIC_SetPriorityGrouping           0x08001d7c   Section        0  stm32f1xx_hal_cortex.o(i.HAL_NVIC_SetPriorityGrouping)
    i.HAL_PWR_EnableBkUpAccess               0x08001da4   Section        0  stm32f1xx_hal_pwr.o(i.HAL_PWR_EnableBkUpAccess)
    i.HAL_RCCEx_GetPeriphCLKFreq             0x08001db0   Section        0  stm32f1xx_hal_rcc_ex.o(i.HAL_RCCEx_GetPeriphCLKFreq)
    i.HAL_RCCEx_PeriphCLKConfig              0x08001eac   Section        0  stm32f1xx_hal_rcc_ex.o(i.HAL_RCCEx_PeriphCLKConfig)
    i.HAL_RCC_ClockConfig                    0x08001fdc   Section        0  stm32f1xx_hal_rcc.o(i.HAL_RCC_ClockConfig)
    i.HAL_RCC_GetHCLKFreq                    0x08002168   Section        0  stm32f1xx_hal_rcc.o(i.HAL_RCC_GetHCLKFreq)
    i.HAL_RCC_GetPCLK1Freq                   0x08002174   Section        0  stm32f1xx_hal_rcc.o(i.HAL_RCC_GetPCLK1Freq)
    i.HAL_RCC_GetPCLK2Freq                   0x08002194   Section        0  stm32f1xx_hal_rcc.o(i.HAL_RCC_GetPCLK2Freq)
    i.HAL_RCC_GetSysClockFreq                0x080021b4   Section        0  stm32f1xx_hal_rcc.o(i.HAL_RCC_GetSysClockFreq)
    i.HAL_RCC_OscConfig                      0x08002224   Section        0  stm32f1xx_hal_rcc.o(i.HAL_RCC_OscConfig)
    i.HAL_RTC_AlarmAEventCallback            0x08002688   Section        0  main.o(i.HAL_RTC_AlarmAEventCallback)
    i.HAL_RTC_AlarmIRQHandler                0x08002694   Section        0  stm32f1xx_hal_rtc.o(i.HAL_RTC_AlarmIRQHandler)
    i.HAL_RTC_GetDate                        0x080026d0   Section        0  stm32f1xx_hal_rtc.o(i.HAL_RTC_GetDate)
    i.HAL_RTC_GetTime                        0x08002722   Section        0  stm32f1xx_hal_rtc.o(i.HAL_RTC_GetTime)
    i.HAL_RTC_Init                           0x08002828   Section        0  stm32f1xx_hal_rtc.o(i.HAL_RTC_Init)
    i.HAL_RTC_MspInit                        0x080028e8   Section        0  rtc.o(i.HAL_RTC_MspInit)
    i.HAL_RTC_SetAlarm_IT                    0x08002938   Section        0  stm32f1xx_hal_rtc.o(i.HAL_RTC_SetAlarm_IT)
    i.HAL_RTC_SetDate                        0x08002a44   Section        0  stm32f1xx_hal_rtc.o(i.HAL_RTC_SetDate)
    i.HAL_RTC_SetTime                        0x08002b3c   Section        0  stm32f1xx_hal_rtc.o(i.HAL_RTC_SetTime)
    i.HAL_RTC_WaitForSynchro                 0x08002c18   Section        0  stm32f1xx_hal_rtc.o(i.HAL_RTC_WaitForSynchro)
    i.HAL_ResumeTick                         0x08002c58   Section        0  stm32f1xx_hal.o(i.HAL_ResumeTick)
    i.HAL_SYSTICK_Config                     0x08002c6a   Section        0  stm32f1xx_hal_cortex.o(i.HAL_SYSTICK_Config)
    i.HAL_UARTEx_RxEventCallback             0x08002c9e   Section        0  stm32f1xx_hal_uart.o(i.HAL_UARTEx_RxEventCallback)
    i.HAL_UART_ErrorCallback                 0x08002ca0   Section        0  stm32f1xx_hal_uart.o(i.HAL_UART_ErrorCallback)
    i.HAL_UART_IRQHandler                    0x08002ca4   Section        0  stm32f1xx_hal_uart.o(i.HAL_UART_IRQHandler)
    i.HAL_UART_Init                          0x08002f88   Section        0  stm32f1xx_hal_uart.o(i.HAL_UART_Init)
    i.HAL_UART_MspInit                       0x08003000   Section        0  usart.o(i.HAL_UART_MspInit)
    i.HAL_UART_Receive_IT                    0x08003098   Section        0  stm32f1xx_hal_uart.o(i.HAL_UART_Receive_IT)
    i.HAL_UART_RxCpltCallback                0x080030c4   Section        0  main.o(i.HAL_UART_RxCpltCallback)
    i.HAL_UART_Transmit                      0x08003124   Section        0  stm32f1xx_hal_uart.o(i.HAL_UART_Transmit)
    i.HAL_UART_TxCpltCallback                0x080031e2   Section        0  stm32f1xx_hal_uart.o(i.HAL_UART_TxCpltCallback)
    i.HardFault_Handler                      0x080031e4   Section        0  stm32f1xx_it.o(i.HardFault_Handler)
    i.MX_ADC1_Init                           0x080031e8   Section        0  adc.o(i.MX_ADC1_Init)
    i.MX_DMA_Init                            0x08003274   Section        0  dma.o(i.MX_DMA_Init)
    i.MX_GPIO_Init                           0x080032a8   Section        0  gpio.o(i.MX_GPIO_Init)
    i.MX_RTC_Init                            0x080033b8   Section        0  rtc.o(i.MX_RTC_Init)
    i.MX_USART1_UART_Init                    0x0800345c   Section        0  usart.o(i.MX_USART1_UART_Init)
    i.MemManage_Handler                      0x08003494   Section        0  stm32f1xx_it.o(i.MemManage_Handler)
    i.MyRTC_ReadTime                         0x08003498   Section        0  main.o(i.MyRTC_ReadTime)
    i.NB_IoT_ack_check                       0x080034e0   Section        0  nbiot.o(i.NB_IoT_ack_check)
    i.NMI_Handler                            0x08003500   Section        0  stm32f1xx_it.o(i.NMI_Handler)
    i.PendSV_Handler                         0x08003504   Section        0  stm32f1xx_it.o(i.PendSV_Handler)
    i.RCC_Delay                              0x08003508   Section        0  stm32f1xx_hal_rcc.o(i.RCC_Delay)
    RCC_Delay                                0x08003509   Thumb Code    36  stm32f1xx_hal_rcc.o(i.RCC_Delay)
    i.RTC_Alarm_IRQHandler                   0x08003530   Section        0  stm32f1xx_it.o(i.RTC_Alarm_IRQHandler)
    i.RTC_Bcd2ToByte                         0x08003540   Section        0  stm32f1xx_hal_rtc.o(i.RTC_Bcd2ToByte)
    RTC_Bcd2ToByte                           0x08003541   Thumb Code    22  stm32f1xx_hal_rtc.o(i.RTC_Bcd2ToByte)
    i.RTC_ByteToBcd2                         0x08003556   Section        0  stm32f1xx_hal_rtc.o(i.RTC_ByteToBcd2)
    RTC_ByteToBcd2                           0x08003557   Thumb Code    26  stm32f1xx_hal_rtc.o(i.RTC_ByteToBcd2)
    i.RTC_DateUpdate                         0x08003570   Section        0  stm32f1xx_hal_rtc.o(i.RTC_DateUpdate)
    RTC_DateUpdate                           0x08003571   Thumb Code   182  stm32f1xx_hal_rtc.o(i.RTC_DateUpdate)
    i.RTC_EnterInitMode                      0x08003626   Section        0  stm32f1xx_hal_rtc.o(i.RTC_EnterInitMode)
    RTC_EnterInitMode                        0x08003627   Thumb Code    58  stm32f1xx_hal_rtc.o(i.RTC_EnterInitMode)
    i.RTC_ExitInitMode                       0x08003660   Section        0  stm32f1xx_hal_rtc.o(i.RTC_ExitInitMode)
    RTC_ExitInitMode                         0x08003661   Thumb Code    58  stm32f1xx_hal_rtc.o(i.RTC_ExitInitMode)
    i.RTC_IsLeapYear                         0x0800369a   Section        0  stm32f1xx_hal_rtc.o(i.RTC_IsLeapYear)
    RTC_IsLeapYear                           0x0800369b   Thumb Code    50  stm32f1xx_hal_rtc.o(i.RTC_IsLeapYear)
    i.RTC_ReadAlarmCounter                   0x080036cc   Section        0  stm32f1xx_hal_rtc.o(i.RTC_ReadAlarmCounter)
    RTC_ReadAlarmCounter                     0x080036cd   Thumb Code    24  stm32f1xx_hal_rtc.o(i.RTC_ReadAlarmCounter)
    i.RTC_ReadTimeCounter                    0x080036e4   Section        0  stm32f1xx_hal_rtc.o(i.RTC_ReadTimeCounter)
    RTC_ReadTimeCounter                      0x080036e5   Thumb Code    52  stm32f1xx_hal_rtc.o(i.RTC_ReadTimeCounter)
    i.RTC_WeekDayNum                         0x08003718   Section        0  stm32f1xx_hal_rtc.o(i.RTC_WeekDayNum)
    RTC_WeekDayNum                           0x08003719   Thumb Code   132  stm32f1xx_hal_rtc.o(i.RTC_WeekDayNum)
    i.RTC_WriteAlarmCounter                  0x0800379c   Section        0  stm32f1xx_hal_rtc.o(i.RTC_WriteAlarmCounter)
    RTC_WriteAlarmCounter                    0x0800379d   Thumb Code    46  stm32f1xx_hal_rtc.o(i.RTC_WriteAlarmCounter)
    i.RTC_WriteTimeCounter                   0x080037ca   Section        0  stm32f1xx_hal_rtc.o(i.RTC_WriteTimeCounter)
    RTC_WriteTimeCounter                     0x080037cb   Thumb Code    46  stm32f1xx_hal_rtc.o(i.RTC_WriteTimeCounter)
    i.SVC_Handler                            0x080037f8   Section        0  stm32f1xx_it.o(i.SVC_Handler)
    i.SysTick_Handler                        0x080037fa   Section        0  stm32f1xx_it.o(i.SysTick_Handler)
    i.SystemClock_Config                     0x08003802   Section        0  main.o(i.SystemClock_Config)
    i.SystemInit                             0x08003890   Section        0  system_stm32f1xx.o(i.SystemInit)
    i.UART_DMAAbortOnError                   0x08003892   Section        0  stm32f1xx_hal_uart.o(i.UART_DMAAbortOnError)
    UART_DMAAbortOnError                     0x08003893   Thumb Code    20  stm32f1xx_hal_uart.o(i.UART_DMAAbortOnError)
    i.UART_EndRxTransfer                     0x080038a6   Section        0  stm32f1xx_hal_uart.o(i.UART_EndRxTransfer)
    UART_EndRxTransfer                       0x080038a7   Thumb Code   108  stm32f1xx_hal_uart.o(i.UART_EndRxTransfer)
    i.UART_EndTransmit_IT                    0x08003912   Section        0  stm32f1xx_hal_uart.o(i.UART_EndTransmit_IT)
    UART_EndTransmit_IT                      0x08003913   Thumb Code    32  stm32f1xx_hal_uart.o(i.UART_EndTransmit_IT)
    i.UART_Receive_IT                        0x08003932   Section        0  stm32f1xx_hal_uart.o(i.UART_Receive_IT)
    UART_Receive_IT                          0x08003933   Thumb Code   252  stm32f1xx_hal_uart.o(i.UART_Receive_IT)
    i.UART_SetConfig                         0x08003a30   Section        0  stm32f1xx_hal_uart.o(i.UART_SetConfig)
    UART_SetConfig                           0x08003a31   Thumb Code   248  stm32f1xx_hal_uart.o(i.UART_SetConfig)
    i.UART_Start_Receive_IT                  0x08003b2c   Section        0  stm32f1xx_hal_uart.o(i.UART_Start_Receive_IT)
    i.UART_Transmit_IT                       0x08003b6c   Section        0  stm32f1xx_hal_uart.o(i.UART_Transmit_IT)
    UART_Transmit_IT                         0x08003b6d   Thumb Code    96  stm32f1xx_hal_uart.o(i.UART_Transmit_IT)
    i.UART_WaitOnFlagUntilTimeout            0x08003bcc   Section        0  stm32f1xx_hal_uart.o(i.UART_WaitOnFlagUntilTimeout)
    UART_WaitOnFlagUntilTimeout              0x08003bcd   Thumb Code   140  stm32f1xx_hal_uart.o(i.UART_WaitOnFlagUntilTimeout)
    i.USART1_IRQHandler                      0x08003c58   Section        0  stm32f1xx_it.o(i.USART1_IRQHandler)
    i.UpdateRTC                              0x08003c68   Section        0  main.o(i.UpdateRTC)
    i.Update_RTC_time                        0x08003d58   Section        0  main.o(i.Update_RTC_time)
    i.UsageFault_Handler                     0x08003e08   Section        0  stm32f1xx_it.o(i.UsageFault_Handler)
    i.__NVIC_GetPriorityGrouping             0x08003e0c   Section        0  stm32f1xx_hal_cortex.o(i.__NVIC_GetPriorityGrouping)
    __NVIC_GetPriorityGrouping               0x08003e0d   Thumb Code    10  stm32f1xx_hal_cortex.o(i.__NVIC_GetPriorityGrouping)
    i.__NVIC_SetPriority                     0x08003e1c   Section        0  stm32f1xx_hal_cortex.o(i.__NVIC_SetPriority)
    __NVIC_SetPriority                       0x08003e1d   Thumb Code    32  stm32f1xx_hal_cortex.o(i.__NVIC_SetPriority)
    i.calculate_package_size                 0x08003e44   Section        0  main.o(i.calculate_package_size)
    i.calculate_timestamp                    0x08003e4a   Section        0  main.o(i.calculate_timestamp)
    i.days_in_month                          0x08003ed8   Section        0  main.o(i.days_in_month)
    days_in_month                            0x08003ed9   Thumb Code    46  main.o(i.days_in_month)
    i.get_timestamp                          0x08003f0c   Section        0  main.o(i.get_timestamp)
    i.is_leap_year                           0x08003f54   Section        0  main.o(i.is_leap_year)
    is_leap_year                             0x08003f55   Thumb Code    52  main.o(i.is_leap_year)
    i.main                                   0x08003f88   Section        0  main.o(i.main)
    i.send_NB_IoT                            0x08003fac   Section        0  nbiot.o(i.send_NB_IoT)
    i.send_data                              0x08003fcc   Section        0  main.o(i.send_data)
    i.serialize_package                      0x08004004   Section        0  main.o(i.serialize_package)
    locale$$code                             0x08004074   Section       44  lc_ctype_c.o(locale$$code)
    x$fpl$dfixu                              0x080040a0   Section       90  dfixu.o(x$fpl$dfixu)
    x$fpl$dmul                               0x080040fc   Section      340  dmul.o(x$fpl$dmul)
    x$fpl$dnaninf                            0x08004250   Section      156  dnaninf.o(x$fpl$dnaninf)
    x$fpl$dretinf                            0x080042ec   Section       12  dretinf.o(x$fpl$dretinf)
    x$fpl$f2d                                0x080042f8   Section       86  f2d.o(x$fpl$f2d)
    x$fpl$fdiv                               0x08004350   Section      388  fdiv.o(x$fpl$fdiv)
    _fdiv1                                   0x08004351   Thumb Code     0  fdiv.o(x$fpl$fdiv)
    x$fpl$ffltu                              0x080044d4   Section       38  fflt_clz.o(x$fpl$ffltu)
    x$fpl$fnaninf                            0x080044fa   Section      140  fnaninf.o(x$fpl$fnaninf)
    x$fpl$fretinf                            0x08004586   Section       10  fretinf.o(x$fpl$fretinf)
    .constdata                               0x08004590   Section       48  main.o(.constdata)
    x$fpl$usenofp                            0x08004590   Section        0  usenofp.o(x$fpl$usenofp)
    .constdata                               0x080045c0   Section       18  stm32f1xx_hal_rcc.o(.constdata)
    aPLLMULFactorTable                       0x080045c0   Data          16  stm32f1xx_hal_rcc.o(.constdata)
    aPredivFactorTable                       0x080045d0   Data           2  stm32f1xx_hal_rcc.o(.constdata)
    .constdata                               0x080045d2   Section       18  stm32f1xx_hal_rcc_ex.o(.constdata)
    aPLLMULFactorTable                       0x080045d2   Data          16  stm32f1xx_hal_rcc_ex.o(.constdata)
    aPredivFactorTable                       0x080045e2   Data           2  stm32f1xx_hal_rcc_ex.o(.constdata)
    .constdata                               0x080045e4   Section       24  system_stm32f1xx.o(.constdata)
    locale$$data                             0x0800461c   Section      272  lc_ctype_c.o(locale$$data)
    __lcctype_c_name                         0x08004620   Data           2  lc_ctype_c.o(locale$$data)
    __lcctype_c_start                        0x08004628   Data           0  lc_ctype_c.o(locale$$data)
    __lcctype_c_end                          0x0800472c   Data           0  lc_ctype_c.o(locale$$data)
    .data                                    0x20000000   Section       64  main.o(.data)
    last_interrupt_time                      0x2000003c   Data           4  main.o(.data)
    .data                                    0x20000040   Section        9  stm32f1xx_hal.o(.data)
    .data                                    0x2000004c   Section        4  system_stm32f1xx.o(.data)
    .bss                                     0x20000050   Section     1740  main.o(.bss)
    .bss                                     0x2000071c   Section      116  adc.o(.bss)
    .bss                                     0x20000790   Section       20  rtc.o(.bss)
    .bss                                     0x200007a4   Section       72  usart.o(.bss)
    .bss                                     0x200007ec   Section       96  libspace.o(.bss)
    HEAP                                     0x20000850   Section      512  startup_stm32f103xb.o(HEAP)
    Heap_Mem                                 0x20000850   Data         512  startup_stm32f103xb.o(HEAP)
    STACK                                    0x20000a50   Section     1024  startup_stm32f103xb.o(STACK)
    Stack_Mem                                0x20000a50   Data        1024  startup_stm32f103xb.o(STACK)
    __initial_sp                             0x20000e50   Data           0  startup_stm32f103xb.o(STACK)

    Global Symbols

    Symbol Name                              Value     Ov Type        Size  Object(Section)

    BuildAttributes$$THM_ISAv4$P$D$K$B$S$PE$A:L22UL41UL21$X:L11$S22US41US21$IEEE1$IW$USESV6$~STKCKD$USESV7$~SHL$OSPACE$ROPI$EBA8$UX$STANDARDLIB$REQ8$PRES8$EABIv2 0x00000000   Number         0  anon$$obj.o ABSOLUTE
    __ARM_use_no_argv                        0x00000000   Number         0  main.o ABSOLUTE
    __ARM_exceptions_init                     - Undefined Weak Reference
    __alloca_initialize                       - Undefined Weak Reference
    __arm_preinit_                            - Undefined Weak Reference
    __cpp_initialize__aeabi_                  - Undefined Weak Reference
    __cxa_finalize                            - Undefined Weak Reference
    __sigvec_lookup                           - Undefined Weak Reference
    _atexit_init                              - Undefined Weak Reference
    _call_atexit_fns                          - Undefined Weak Reference
    _clock_init                               - Undefined Weak Reference
    _fp_trap_init                             - Undefined Weak Reference
    _fp_trap_shutdown                         - Undefined Weak Reference
    _get_lc_collate                           - Undefined Weak Reference
    _get_lc_monetary                          - Undefined Weak Reference
    _get_lc_numeric                           - Undefined Weak Reference
    _get_lc_time                              - Undefined Weak Reference
    _getenv_init                              - Undefined Weak Reference
    _handle_redirection                       - Undefined Weak Reference
    _init_alloc                               - Undefined Weak Reference
    _init_user_alloc                          - Undefined Weak Reference
    _initio                                   - Undefined Weak Reference
    _rand_init                                - Undefined Weak Reference
    _scanf_longlong                           - Undefined Weak Reference
    _scanf_mbtowc                             - Undefined Weak Reference
    _scanf_real                               - Undefined Weak Reference
    _scanf_string                             - Undefined Weak Reference
    _scanf_wctomb                             - Undefined Weak Reference
    _scanf_wstring                            - Undefined Weak Reference
    _signal_finish                            - Undefined Weak Reference
    _signal_init                              - Undefined Weak Reference
    _terminate_alloc                          - Undefined Weak Reference
    _terminate_user_alloc                     - Undefined Weak Reference
    _terminateio                              - Undefined Weak Reference
    __Vectors_Size                           0x000000ec   Number         0  startup_stm32f103xb.o ABSOLUTE
    __Vectors                                0x08000000   Data           4  startup_stm32f103xb.o(RESET)
    __Vectors_End                            0x080000ec   Data           0  startup_stm32f103xb.o(RESET)
    __main                                   0x080000ed   Thumb Code     8  __main.o(!!!main)
    __scatterload                            0x080000f5   Thumb Code     0  __scatter.o(!!!scatter)
    __scatterload_rt2                        0x080000f5   Thumb Code    44  __scatter.o(!!!scatter)
    __scatterload_rt2_thumb_only             0x080000f5   Thumb Code     0  __scatter.o(!!!scatter)
    __scatterload_null                       0x08000103   Thumb Code     0  __scatter.o(!!!scatter)
    __scatterload_copy                       0x08000129   Thumb Code    26  __scatter_copy.o(!!handler_copy)
    __scatterload_zeroinit                   0x08000145   Thumb Code    28  __scatter_zi.o(!!handler_zi)
    __rt_lib_init                            0x08000161   Thumb Code     0  libinit.o(.ARM.Collect$$libinit$$00000000)
    __rt_lib_init_fp_1                       0x08000163   Thumb Code     0  libinit2.o(.ARM.Collect$$libinit$$00000002)
    __rt_lib_init_heap_1                     0x08000163   Thumb Code     0  libinit2.o(.ARM.Collect$$libinit$$0000000A)
    __rt_lib_init_lc_common                  0x08000163   Thumb Code     0  libinit2.o(.ARM.Collect$$libinit$$0000000F)
    __rt_lib_init_preinit_1                  0x08000163   Thumb Code     0  libinit2.o(.ARM.Collect$$libinit$$00000004)
    __rt_lib_init_rand_1                     0x08000163   Thumb Code     0  libinit2.o(.ARM.Collect$$libinit$$0000000E)
    __rt_lib_init_user_alloc_1               0x08000163   Thumb Code     0  libinit2.o(.ARM.Collect$$libinit$$0000000C)
    __rt_lib_init_lc_collate_1               0x08000169   Thumb Code     0  libinit2.o(.ARM.Collect$$libinit$$00000011)
    __rt_lib_init_lc_ctype_2                 0x08000169   Thumb Code     0  libinit2.o(.ARM.Collect$$libinit$$00000012)
    __rt_lib_init_alloca_1                   0x08000175   Thumb Code     0  libinit2.o(.ARM.Collect$$libinit$$0000002E)
    __rt_lib_init_argv_1                     0x08000175   Thumb Code     0  libinit2.o(.ARM.Collect$$libinit$$0000002C)
    __rt_lib_init_atexit_1                   0x08000175   Thumb Code     0  libinit2.o(.ARM.Collect$$libinit$$0000001B)
    __rt_lib_init_clock_1                    0x08000175   Thumb Code     0  libinit2.o(.ARM.Collect$$libinit$$00000021)
    __rt_lib_init_cpp_1                      0x08000175   Thumb Code     0  libinit2.o(.ARM.Collect$$libinit$$00000032)
    __rt_lib_init_exceptions_1               0x08000175   Thumb Code     0  libinit2.o(.ARM.Collect$$libinit$$00000030)
    __rt_lib_init_fp_trap_1                  0x08000175   Thumb Code     0  libinit2.o(.ARM.Collect$$libinit$$0000001F)
    __rt_lib_init_getenv_1                   0x08000175   Thumb Code     0  libinit2.o(.ARM.Collect$$libinit$$00000023)
    __rt_lib_init_lc_ctype_1                 0x08000175   Thumb Code     0  libinit2.o(.ARM.Collect$$libinit$$00000013)
    __rt_lib_init_lc_monetary_1              0x08000175   Thumb Code     0  libinit2.o(.ARM.Collect$$libinit$$00000015)
    __rt_lib_init_lc_numeric_1               0x08000175   Thumb Code     0  libinit2.o(.ARM.Collect$$libinit$$00000017)
    __rt_lib_init_lc_time_1                  0x08000175   Thumb Code     0  libinit2.o(.ARM.Collect$$libinit$$00000019)
    __rt_lib_init_return                     0x08000175   Thumb Code     0  libinit2.o(.ARM.Collect$$libinit$$00000033)
    __rt_lib_init_signal_1                   0x08000175   Thumb Code     0  libinit2.o(.ARM.Collect$$libinit$$0000001D)
    __rt_lib_init_stdio_1                    0x08000175   Thumb Code     0  libinit2.o(.ARM.Collect$$libinit$$00000025)
    __rt_lib_shutdown                        0x08000177   Thumb Code     0  libshutdown.o(.ARM.Collect$$libshutdown$$00000000)
    __rt_lib_shutdown_cpp_1                  0x08000179   Thumb Code     0  libshutdown2.o(.ARM.Collect$$libshutdown$$00000002)
    __rt_lib_shutdown_fp_trap_1              0x08000179   Thumb Code     0  libshutdown2.o(.ARM.Collect$$libshutdown$$00000007)
    __rt_lib_shutdown_heap_1                 0x08000179   Thumb Code     0  libshutdown2.o(.ARM.Collect$$libshutdown$$0000000F)
    __rt_lib_shutdown_return                 0x08000179   Thumb Code     0  libshutdown2.o(.ARM.Collect$$libshutdown$$00000010)
    __rt_lib_shutdown_signal_1               0x08000179   Thumb Code     0  libshutdown2.o(.ARM.Collect$$libshutdown$$0000000A)
    __rt_lib_shutdown_stdio_1                0x08000179   Thumb Code     0  libshutdown2.o(.ARM.Collect$$libshutdown$$00000004)
    __rt_lib_shutdown_user_alloc_1           0x08000179   Thumb Code     0  libshutdown2.o(.ARM.Collect$$libshutdown$$0000000C)
    __rt_entry                               0x0800017b   Thumb Code     0  __rtentry.o(.ARM.Collect$$rtentry$$00000000)
    __rt_entry_presh_1                       0x0800017b   Thumb Code     0  __rtentry2.o(.ARM.Collect$$rtentry$$00000002)
    __rt_entry_sh                            0x0800017b   Thumb Code     0  __rtentry4.o(.ARM.Collect$$rtentry$$00000004)
    __rt_entry_li                            0x08000181   Thumb Code     0  __rtentry2.o(.ARM.Collect$$rtentry$$0000000A)
    __rt_entry_postsh_1                      0x08000181   Thumb Code     0  __rtentry2.o(.ARM.Collect$$rtentry$$00000009)
    __rt_entry_main                          0x08000185   Thumb Code     0  __rtentry2.o(.ARM.Collect$$rtentry$$0000000D)
    __rt_entry_postli_1                      0x08000185   Thumb Code     0  __rtentry2.o(.ARM.Collect$$rtentry$$0000000C)
    __rt_exit                                0x0800018d   Thumb Code     0  rtexit.o(.ARM.Collect$$rtexit$$00000000)
    __rt_exit_ls                             0x0800018f   Thumb Code     0  rtexit2.o(.ARM.Collect$$rtexit$$00000003)
    __rt_exit_prels_1                        0x0800018f   Thumb Code     0  rtexit2.o(.ARM.Collect$$rtexit$$00000002)
    __rt_exit_exit                           0x08000193   Thumb Code     0  rtexit2.o(.ARM.Collect$$rtexit$$00000004)
    Reset_Handler                            0x08000199   Thumb Code     8  startup_stm32f103xb.o(.text)
    CAN1_RX1_IRQHandler                      0x080001b3   Thumb Code     0  startup_stm32f103xb.o(.text)
    CAN1_SCE_IRQHandler                      0x080001b3   Thumb Code     0  startup_stm32f103xb.o(.text)
    DMA1_Channel2_IRQHandler                 0x080001b3   Thumb Code     0  startup_stm32f103xb.o(.text)
    DMA1_Channel3_IRQHandler                 0x080001b3   Thumb Code     0  startup_stm32f103xb.o(.text)
    DMA1_Channel4_IRQHandler                 0x080001b3   Thumb Code     0  startup_stm32f103xb.o(.text)
    DMA1_Channel5_IRQHandler                 0x080001b3   Thumb Code     0  startup_stm32f103xb.o(.text)
    DMA1_Channel6_IRQHandler                 0x080001b3   Thumb Code     0  startup_stm32f103xb.o(.text)
    DMA1_Channel7_IRQHandler                 0x080001b3   Thumb Code     0  startup_stm32f103xb.o(.text)
    EXTI0_IRQHandler                         0x080001b3   Thumb Code     0  startup_stm32f103xb.o(.text)
    EXTI15_10_IRQHandler                     0x080001b3   Thumb Code     0  startup_stm32f103xb.o(.text)
    EXTI1_IRQHandler                         0x080001b3   Thumb Code     0  startup_stm32f103xb.o(.text)
    EXTI2_IRQHandler                         0x080001b3   Thumb Code     0  startup_stm32f103xb.o(.text)
    EXTI3_IRQHandler                         0x080001b3   Thumb Code     0  startup_stm32f103xb.o(.text)
    EXTI4_IRQHandler                         0x080001b3   Thumb Code     0  startup_stm32f103xb.o(.text)
    FLASH_IRQHandler                         0x080001b3   Thumb Code     0  startup_stm32f103xb.o(.text)
    I2C1_ER_IRQHandler                       0x080001b3   Thumb Code     0  startup_stm32f103xb.o(.text)
    I2C1_EV_IRQHandler                       0x080001b3   Thumb Code     0  startup_stm32f103xb.o(.text)
    I2C2_ER_IRQHandler                       0x080001b3   Thumb Code     0  startup_stm32f103xb.o(.text)
    I2C2_EV_IRQHandler                       0x080001b3   Thumb Code     0  startup_stm32f103xb.o(.text)
    PVD_IRQHandler                           0x080001b3   Thumb Code     0  startup_stm32f103xb.o(.text)
    RCC_IRQHandler                           0x080001b3   Thumb Code     0  startup_stm32f103xb.o(.text)
    RTC_IRQHandler                           0x080001b3   Thumb Code     0  startup_stm32f103xb.o(.text)
    SPI1_IRQHandler                          0x080001b3   Thumb Code     0  startup_stm32f103xb.o(.text)
    SPI2_IRQHandler                          0x080001b3   Thumb Code     0  startup_stm32f103xb.o(.text)
    TAMPER_IRQHandler                        0x080001b3   Thumb Code     0  startup_stm32f103xb.o(.text)
    TIM1_BRK_IRQHandler                      0x080001b3   Thumb Code     0  startup_stm32f103xb.o(.text)
    TIM1_CC_IRQHandler                       0x080001b3   Thumb Code     0  startup_stm32f103xb.o(.text)
    TIM1_TRG_COM_IRQHandler                  0x080001b3   Thumb Code     0  startup_stm32f103xb.o(.text)
    TIM1_UP_IRQHandler                       0x080001b3   Thumb Code     0  startup_stm32f103xb.o(.text)
    TIM2_IRQHandler                          0x080001b3   Thumb Code     0  startup_stm32f103xb.o(.text)
    TIM3_IRQHandler                          0x080001b3   Thumb Code     0  startup_stm32f103xb.o(.text)
    TIM4_IRQHandler                          0x080001b3   Thumb Code     0  startup_stm32f103xb.o(.text)
    USART2_IRQHandler                        0x080001b3   Thumb Code     0  startup_stm32f103xb.o(.text)
    USART3_IRQHandler                        0x080001b3   Thumb Code     0  startup_stm32f103xb.o(.text)
    USBWakeUp_IRQHandler                     0x080001b3   Thumb Code     0  startup_stm32f103xb.o(.text)
    USB_HP_CAN1_TX_IRQHandler                0x080001b3   Thumb Code     0  startup_stm32f103xb.o(.text)
    USB_LP_CAN1_RX0_IRQHandler               0x080001b3   Thumb Code     0  startup_stm32f103xb.o(.text)
    WWDG_IRQHandler                          0x080001b3   Thumb Code     0  startup_stm32f103xb.o(.text)
    __user_initial_stackheap                 0x080001b5   Thumb Code     0  startup_stm32f103xb.o(.text)
    __0sscanf                                0x080001d9   Thumb Code    52  __0sscanf.o(.text)
    _scanf_int                               0x08000215   Thumb Code   332  _scanf_int.o(.text)
    strstr                                   0x08000361   Thumb Code    36  strstr.o(.text)
    strlen                                   0x08000385   Thumb Code    62  strlen.o(.text)
    __aeabi_memcpy                           0x080003c3   Thumb Code     0  rt_memcpy_v6.o(.text)
    __rt_memcpy                              0x080003c3   Thumb Code   138  rt_memcpy_v6.o(.text)
    _memcpy_lastbytes                        0x08000429   Thumb Code     0  rt_memcpy_v6.o(.text)
    __aeabi_memcpy4                          0x0800044d   Thumb Code     0  rt_memcpy_w.o(.text)
    __aeabi_memcpy8                          0x0800044d   Thumb Code     0  rt_memcpy_w.o(.text)
    __rt_memcpy_w                            0x0800044d   Thumb Code   100  rt_memcpy_w.o(.text)
    _memcpy_lastbytes_aligned                0x08000495   Thumb Code     0  rt_memcpy_w.o(.text)
    __aeabi_memclr                           0x080004b1   Thumb Code     0  rt_memclr.o(.text)
    __rt_memclr                              0x080004b1   Thumb Code    68  rt_memclr.o(.text)
    _memset                                  0x080004b5   Thumb Code     0  rt_memclr.o(.text)
    __aeabi_memclr4                          0x080004f5   Thumb Code     0  rt_memclr_w.o(.text)
    __aeabi_memclr8                          0x080004f5   Thumb Code     0  rt_memclr_w.o(.text)
    __rt_memclr_w                            0x080004f5   Thumb Code    78  rt_memclr_w.o(.text)
    _memset_w                                0x080004f9   Thumb Code     0  rt_memclr_w.o(.text)
    __use_two_region_memory                  0x08000543   Thumb Code     2  heapauxi.o(.text)
    __rt_heap_escrow$2region                 0x08000545   Thumb Code     2  heapauxi.o(.text)
    __rt_heap_expand$2region                 0x08000547   Thumb Code     2  heapauxi.o(.text)
    _chval                                   0x08000549   Thumb Code    28  _chval.o(.text)
    __vfscanf_char                           0x08000571   Thumb Code    24  scanf_char.o(.text)
    _sgetc                                   0x08000591   Thumb Code    30  _sgetc.o(.text)
    _sbackspace                              0x080005af   Thumb Code    34  _sgetc.o(.text)
    isspace                                  0x080005d1   Thumb Code    18  isspace.o(.text)
    __vfscanf                                0x080005e5   Thumb Code   878  _scanf.o(.text)
    __user_setup_stackheap                   0x08000959   Thumb Code    74  sys_stackheap_outer.o(.text)
    __rt_ctype_table                         0x080009a5   Thumb Code    16  rt_ctype_table.o(.text)
    exit                                     0x080009b5   Thumb Code    18  exit.o(.text)
    __user_libspace                          0x080009c9   Thumb Code     8  libspace.o(.text)
    __user_perproc_libspace                  0x080009c9   Thumb Code     0  libspace.o(.text)
    __user_perthread_libspace                0x080009c9   Thumb Code     0  libspace.o(.text)
    __rt_locale                              0x080009d1   Thumb Code     8  rt_locale_intlibspace.o(.text)
    strcmp                                   0x080009d9   Thumb Code   128  strcmpv7m.o(.text)
    _sys_exit                                0x08000a59   Thumb Code     8  sys_exit.o(.text)
    __I$use$semihosting                      0x08000a65   Thumb Code     0  use_no_semi.o(.text)
    __use_no_semihosting_swi                 0x08000a65   Thumb Code     2  use_no_semi.o(.text)
    __semihosting_library_function           0x08000a67   Thumb Code     0  indicate_semi.o(.text)
    ADC1_2_IRQHandler                        0x08000a69   Thumb Code    10  stm32f1xx_it.o(i.ADC1_2_IRQHandler)
    ADC_ConversionStop_Disable               0x08000a79   Thumb Code    92  stm32f1xx_hal_adc.o(i.ADC_ConversionStop_Disable)
    ADC_DMAConvCplt                          0x08000ad5   Thumb Code    82  stm32f1xx_hal_adc.o(i.ADC_DMAConvCplt)
    ADC_DMAError                             0x08000b27   Thumb Code    30  stm32f1xx_hal_adc.o(i.ADC_DMAError)
    ADC_DMAHalfConvCplt                      0x08000b45   Thumb Code    14  stm32f1xx_hal_adc.o(i.ADC_DMAHalfConvCplt)
    ADC_Enable                               0x08000b55   Thumb Code   134  stm32f1xx_hal_adc.o(i.ADC_Enable)
    BusFault_Handler                         0x08000be5   Thumb Code     4  stm32f1xx_it.o(i.BusFault_Handler)
    Clear_Buffer                             0x08000be9   Thumb Code    14  nbiot.o(i.Clear_Buffer)
    DMA1_Channel1_IRQHandler                 0x08000bfd   Thumb Code    10  stm32f1xx_it.o(i.DMA1_Channel1_IRQHandler)
    DebugMon_Handler                         0x08000c39   Thumb Code     2  stm32f1xx_it.o(i.DebugMon_Handler)
    EXTI9_5_IRQHandler                       0x08000c3b   Thumb Code    12  stm32f1xx_it.o(i.EXTI9_5_IRQHandler)
    Error_Handler                            0x08000c47   Thumb Code     6  main.o(i.Error_Handler)
    Get_nowtime                              0x08000c4d   Thumb Code   160  main.o(i.Get_nowtime)
    HAL_ADCEx_InjectedConvCpltCallback       0x08000d3d   Thumb Code     2  stm32f1xx_hal_adc_ex.o(i.HAL_ADCEx_InjectedConvCpltCallback)
    HAL_ADC_ConfigChannel                    0x08000d41   Thumb Code   338  stm32f1xx_hal_adc.o(i.HAL_ADC_ConfigChannel)
    HAL_ADC_ConvCpltCallback                 0x08000ea1   Thumb Code     2  stm32f1xx_hal_adc.o(i.HAL_ADC_ConvCpltCallback)
    HAL_ADC_ConvHalfCpltCallback             0x08000ea3   Thumb Code     2  stm32f1xx_hal_adc.o(i.HAL_ADC_ConvHalfCpltCallback)
    HAL_ADC_ErrorCallback                    0x08000ea5   Thumb Code     2  stm32f1xx_hal_adc.o(i.HAL_ADC_ErrorCallback)
    HAL_ADC_IRQHandler                       0x08000ea7   Thumb Code   274  stm32f1xx_hal_adc.o(i.HAL_ADC_IRQHandler)
    HAL_ADC_Init                             0x08000fb9   Thumb Code   314  stm32f1xx_hal_adc.o(i.HAL_ADC_Init)
    HAL_ADC_LevelOutOfWindowCallback         0x080010fd   Thumb Code     2  stm32f1xx_hal_adc.o(i.HAL_ADC_LevelOutOfWindowCallback)
    HAL_ADC_MspInit                          0x08001101   Thumb Code   170  adc.o(i.HAL_ADC_MspInit)
    HAL_ADC_Start_DMA                        0x080011c1   Thumb Code   362  stm32f1xx_hal_adc.o(i.HAL_ADC_Start_DMA)
    HAL_DMA_Abort                            0x08001341   Thumb Code    86  stm32f1xx_hal_dma.o(i.HAL_DMA_Abort)
    HAL_DMA_Abort_IT                         0x08001399   Thumb Code   172  stm32f1xx_hal_dma.o(i.HAL_DMA_Abort_IT)
    HAL_DMA_IRQHandler                       0x08001449   Thumb Code   408  stm32f1xx_hal_dma.o(i.HAL_DMA_IRQHandler)
    HAL_DMA_Init                             0x080015e5   Thumb Code   100  stm32f1xx_hal_dma.o(i.HAL_DMA_Init)
    HAL_DMA_Start_IT                         0x0800164d   Thumb Code   156  stm32f1xx_hal_dma.o(i.HAL_DMA_Start_IT)
    HAL_Delay                                0x080016e9   Thumb Code    36  stm32f1xx_hal.o(i.HAL_Delay)
    HAL_GPIO_EXTI_Callback                   0x08001711   Thumb Code   372  main.o(i.HAL_GPIO_EXTI_Callback)
    HAL_GPIO_EXTI_IRQHandler                 0x080018ad   Thumb Code    24  stm32f1xx_hal_gpio.o(i.HAL_GPIO_EXTI_IRQHandler)
    HAL_GPIO_Init                            0x080018c9   Thumb Code   766  stm32f1xx_hal_gpio.o(i.HAL_GPIO_Init)
    HAL_GPIO_WritePin                        0x08001be9   Thumb Code    12  stm32f1xx_hal_gpio.o(i.HAL_GPIO_WritePin)
    HAL_GetTick                              0x08001bf5   Thumb Code     6  stm32f1xx_hal.o(i.HAL_GetTick)
    HAL_IncTick                              0x08001c01   Thumb Code    16  stm32f1xx_hal.o(i.HAL_IncTick)
    HAL_Init                                 0x08001c19   Thumb Code    34  stm32f1xx_hal.o(i.HAL_Init)
    HAL_InitTick                             0x08001c41   Thumb Code    64  stm32f1xx_hal.o(i.HAL_InitTick)
    HAL_MspInit                              0x08001c8d   Thumb Code    76  stm32f1xx_hal_msp.o(i.HAL_MspInit)
    HAL_NVIC_EnableIRQ                       0x08001ce1   Thumb Code    32  stm32f1xx_hal_cortex.o(i.HAL_NVIC_EnableIRQ)
    HAL_NVIC_SetPriority                     0x08001d01   Thumb Code   124  stm32f1xx_hal_cortex.o(i.HAL_NVIC_SetPriority)
    HAL_NVIC_SetPriorityGrouping             0x08001d7d   Thumb Code    32  stm32f1xx_hal_cortex.o(i.HAL_NVIC_SetPriorityGrouping)
    HAL_PWR_EnableBkUpAccess                 0x08001da5   Thumb Code     8  stm32f1xx_hal_pwr.o(i.HAL_PWR_EnableBkUpAccess)
    HAL_RCCEx_GetPeriphCLKFreq               0x08001db1   Thumb Code   232  stm32f1xx_hal_rcc_ex.o(i.HAL_RCCEx_GetPeriphCLKFreq)
    HAL_RCCEx_PeriphCLKConfig                0x08001ead   Thumb Code   290  stm32f1xx_hal_rcc_ex.o(i.HAL_RCCEx_PeriphCLKConfig)
    HAL_RCC_ClockConfig                      0x08001fdd   Thumb Code   376  stm32f1xx_hal_rcc.o(i.HAL_RCC_ClockConfig)
    HAL_RCC_GetHCLKFreq                      0x08002169   Thumb Code     6  stm32f1xx_hal_rcc.o(i.HAL_RCC_GetHCLKFreq)
    HAL_RCC_GetPCLK1Freq                     0x08002175   Thumb Code    22  stm32f1xx_hal_rcc.o(i.HAL_RCC_GetPCLK1Freq)
    HAL_RCC_GetPCLK2Freq                     0x08002195   Thumb Code    22  stm32f1xx_hal_rcc.o(i.HAL_RCC_GetPCLK2Freq)
    HAL_RCC_GetSysClockFreq                  0x080021b5   Thumb Code    92  stm32f1xx_hal_rcc.o(i.HAL_RCC_GetSysClockFreq)
    HAL_RCC_OscConfig                        0x08002225   Thumb Code  1114  stm32f1xx_hal_rcc.o(i.HAL_RCC_OscConfig)
    HAL_RTC_AlarmAEventCallback              0x08002689   Thumb Code     8  main.o(i.HAL_RTC_AlarmAEventCallback)
    HAL_RTC_AlarmIRQHandler                  0x08002695   Thumb Code    56  stm32f1xx_hal_rtc.o(i.HAL_RTC_AlarmIRQHandler)
    HAL_RTC_GetDate                          0x080026d1   Thumb Code    82  stm32f1xx_hal_rtc.o(i.HAL_RTC_GetDate)
    HAL_RTC_GetTime                          0x08002723   Thumb Code   260  stm32f1xx_hal_rtc.o(i.HAL_RTC_GetTime)
    HAL_RTC_Init                             0x08002829   Thumb Code   188  stm32f1xx_hal_rtc.o(i.HAL_RTC_Init)
    HAL_RTC_MspInit                          0x080028e9   Thumb Code    68  rtc.o(i.HAL_RTC_MspInit)
    HAL_RTC_SetAlarm_IT                      0x08002939   Thumb Code   260  stm32f1xx_hal_rtc.o(i.HAL_RTC_SetAlarm_IT)
    HAL_RTC_SetDate                          0x08002a45   Thumb Code   242  stm32f1xx_hal_rtc.o(i.HAL_RTC_SetDate)
    HAL_RTC_SetTime                          0x08002b3d   Thumb Code   214  stm32f1xx_hal_rtc.o(i.HAL_RTC_SetTime)
    HAL_RTC_WaitForSynchro                   0x08002c19   Thumb Code    64  stm32f1xx_hal_rtc.o(i.HAL_RTC_WaitForSynchro)
    HAL_ResumeTick                           0x08002c59   Thumb Code    18  stm32f1xx_hal.o(i.HAL_ResumeTick)
    HAL_SYSTICK_Config                       0x08002c6b   Thumb Code    52  stm32f1xx_hal_cortex.o(i.HAL_SYSTICK_Config)
    HAL_UARTEx_RxEventCallback               0x08002c9f   Thumb Code     2  stm32f1xx_hal_uart.o(i.HAL_UARTEx_RxEventCallback)
    HAL_UART_ErrorCallback                   0x08002ca1   Thumb Code     2  stm32f1xx_hal_uart.o(i.HAL_UART_ErrorCallback)
    HAL_UART_IRQHandler                      0x08002ca5   Thumb Code   736  stm32f1xx_hal_uart.o(i.HAL_UART_IRQHandler)
    HAL_UART_Init                            0x08002f89   Thumb Code   118  stm32f1xx_hal_uart.o(i.HAL_UART_Init)
    HAL_UART_MspInit                         0x08003001   Thumb Code   138  usart.o(i.HAL_UART_MspInit)
    HAL_UART_Receive_IT                      0x08003099   Thumb Code    44  stm32f1xx_hal_uart.o(i.HAL_UART_Receive_IT)
    HAL_UART_RxCpltCallback                  0x080030c5   Thumb Code    76  main.o(i.HAL_UART_RxCpltCallback)
    HAL_UART_Transmit                        0x08003125   Thumb Code   190  stm32f1xx_hal_uart.o(i.HAL_UART_Transmit)
    HAL_UART_TxCpltCallback                  0x080031e3   Thumb Code     2  stm32f1xx_hal_uart.o(i.HAL_UART_TxCpltCallback)
    HardFault_Handler                        0x080031e5   Thumb Code     4  stm32f1xx_it.o(i.HardFault_Handler)
    MX_ADC1_Init                             0x080031e9   Thumb Code   130  adc.o(i.MX_ADC1_Init)
    MX_DMA_Init                              0x08003275   Thumb Code    48  dma.o(i.MX_DMA_Init)
    MX_GPIO_Init                             0x080032a9   Thumb Code   254  gpio.o(i.MX_GPIO_Init)
    MX_RTC_Init                              0x080033b9   Thumb Code   154  rtc.o(i.MX_RTC_Init)
    MX_USART1_UART_Init                      0x0800345d   Thumb Code    46  usart.o(i.MX_USART1_UART_Init)
    MemManage_Handler                        0x08003495   Thumb Code     4  stm32f1xx_it.o(i.MemManage_Handler)
    MyRTC_ReadTime                           0x08003499   Thumb Code    62  main.o(i.MyRTC_ReadTime)
    NB_IoT_ack_check                         0x080034e1   Thumb Code    28  nbiot.o(i.NB_IoT_ack_check)
    NMI_Handler                              0x08003501   Thumb Code     4  stm32f1xx_it.o(i.NMI_Handler)
    PendSV_Handler                           0x08003505   Thumb Code     2  stm32f1xx_it.o(i.PendSV_Handler)
    RTC_Alarm_IRQHandler                     0x08003531   Thumb Code    10  stm32f1xx_it.o(i.RTC_Alarm_IRQHandler)
    SVC_Handler                              0x080037f9   Thumb Code     2  stm32f1xx_it.o(i.SVC_Handler)
    SysTick_Handler                          0x080037fb   Thumb Code     8  stm32f1xx_it.o(i.SysTick_Handler)
    SystemClock_Config                       0x08003803   Thumb Code   142  main.o(i.SystemClock_Config)
    SystemInit                               0x08003891   Thumb Code     2  system_stm32f1xx.o(i.SystemInit)
    UART_Start_Receive_IT                    0x08003b2d   Thumb Code    64  stm32f1xx_hal_uart.o(i.UART_Start_Receive_IT)
    USART1_IRQHandler                        0x08003c59   Thumb Code    10  stm32f1xx_it.o(i.USART1_IRQHandler)
    UpdateRTC                                0x08003c69   Thumb Code   230  main.o(i.UpdateRTC)
    Update_RTC_time                          0x08003d59   Thumb Code   172  main.o(i.Update_RTC_time)
    UsageFault_Handler                       0x08003e09   Thumb Code     4  stm32f1xx_it.o(i.UsageFault_Handler)
    calculate_package_size                   0x08003e45   Thumb Code     6  main.o(i.calculate_package_size)
    calculate_timestamp                      0x08003e4b   Thumb Code   142  main.o(i.calculate_timestamp)
    get_timestamp                            0x08003f0d   Thumb Code    66  main.o(i.get_timestamp)
    main                                     0x08003f89   Thumb Code    36  main.o(i.main)
    send_NB_IoT                              0x08003fad   Thumb Code    28  nbiot.o(i.send_NB_IoT)
    send_data                                0x08003fcd   Thumb Code    42  main.o(i.send_data)
    serialize_package                        0x08004005   Thumb Code   112  main.o(i.serialize_package)
    _get_lc_ctype                            0x08004075   Thumb Code    44  lc_ctype_c.o(locale$$code)
    __aeabi_d2uiz                            0x080040a1   Thumb Code     0  dfixu.o(x$fpl$dfixu)
    _dfixu                                   0x080040a1   Thumb Code    90  dfixu.o(x$fpl$dfixu)
    __aeabi_dmul                             0x080040fd   Thumb Code     0  dmul.o(x$fpl$dmul)
    _dmul                                    0x080040fd   Thumb Code   332  dmul.o(x$fpl$dmul)
    __fpl_dnaninf                            0x08004251   Thumb Code   156  dnaninf.o(x$fpl$dnaninf)
    __fpl_dretinf                            0x080042ed   Thumb Code    12  dretinf.o(x$fpl$dretinf)
    __aeabi_f2d                              0x080042f9   Thumb Code     0  f2d.o(x$fpl$f2d)
    _f2d                                     0x080042f9   Thumb Code    86  f2d.o(x$fpl$f2d)
    __aeabi_fdiv                             0x08004351   Thumb Code     0  fdiv.o(x$fpl$fdiv)
    _fdiv                                    0x08004351   Thumb Code   384  fdiv.o(x$fpl$fdiv)
    __aeabi_ui2f                             0x080044d5   Thumb Code     0  fflt_clz.o(x$fpl$ffltu)
    _ffltu                                   0x080044d5   Thumb Code    38  fflt_clz.o(x$fpl$ffltu)
    __fpl_fnaninf                            0x080044fb   Thumb Code   140  fnaninf.o(x$fpl$fnaninf)
    __fpl_fretinf                            0x08004587   Thumb Code    10  fretinf.o(x$fpl$fretinf)
    __I$use$fp                               0x08004590   Number         0  usenofp.o(x$fpl$usenofp)
    AHBPrescTable                            0x080045e4   Data          16  system_stm32f1xx.o(.constdata)
    APBPrescTable                            0x080045f4   Data           8  system_stm32f1xx.o(.constdata)
    Region$$Table$$Base                      0x080045fc   Number         0  anon$$obj.o(Region$$Table)
    Region$$Table$$Limit                     0x0800461c   Number         0  anon$$obj.o(Region$$Table)
    __ctype                                  0x08004629   Data           0  lc_ctype_c.o(locale$$data)
    USART1_aRxBuffer                         0x20000000   Data           1  main.o(.data)
    UART1_Rx_Cnt                             0x20000001   Data           1  main.o(.data)
    readingIndex                             0x20000002   Data           1  main.o(.data)
    MyRTC_Time                               0x20000004   Data          12  main.o(.data)
    day                                      0x20000010   Data           4  main.o(.data)
    month                                    0x20000014   Data           4  main.o(.data)
    year                                     0x20000018   Data           4  main.o(.data)
    hour                                     0x2000001c   Data           4  main.o(.data)
    minute                                   0x20000020   Data           4  main.o(.data)
    second                                   0x20000024   Data           4  main.o(.data)
    interrupt_count                          0x20000028   Data           4  main.o(.data)
    data_ready_flag                          0x2000002c   Data           1  main.o(.data)
    RTC_interrupt_count                      0x20000030   Data           4  main.o(.data)
    RTC_data_ready_flag                      0x20000034   Data           1  main.o(.data)
    thunder_index                            0x20000036   Data           2  main.o(.data)
    stop_index                               0x20000038   Data           1  main.o(.data)
    Exti_index                               0x20000039   Data           1  main.o(.data)
    uwTick                                   0x20000040   Data           4  stm32f1xx_hal.o(.data)
    uwTickPrio                               0x20000044   Data           4  stm32f1xx_hal.o(.data)
    uwTickFreq                               0x20000048   Data           1  stm32f1xx_hal.o(.data)
    SystemCoreClock                          0x2000004c   Data           4  system_stm32f1xx.o(.data)
    USART1_RxBuffer                          0x20000050   Data         256  main.o(.bss)
    ADC_Buffer                               0x20000150   Data          12  main.o(.bss)
    Time_RxBuffer                            0x2000015c   Data         256  main.o(.bss)
    pkg                                      0x2000025c   Data        1216  main.o(.bss)
    hadc1                                    0x2000071c   Data          48  adc.o(.bss)
    hdma_adc1                                0x2000074c   Data          68  adc.o(.bss)
    hrtc                                     0x20000790   Data          20  rtc.o(.bss)
    huart1                                   0x200007a4   Data          72  usart.o(.bss)
    __libspace_start                         0x200007ec   Data          96  libspace.o(.bss)
    __temporary_stack_top$libspace           0x2000084c   Data           0  libspace.o(.bss)



==============================================================================

Memory Map of the image

  Image Entry point : 0x080000ed

  Load Region LR_IROM1 (Base: 0x08000000, Size: 0x0000477c, Max: 0x00010000, ABSOLUTE)

    Execution Region ER_IROM1 (Exec base: 0x08000000, Load base: 0x08000000, Size: 0x0000472c, Max: 0x00010000, ABSOLUTE)

    Exec Addr    Load Addr    Size         Type   Attr      Idx    E Section Name        Object

    0x08000000   0x08000000   0x000000ec   Data   RO            3    RESET               startup_stm32f103xb.o
    0x080000ec   0x080000ec   0x00000008   Code   RO         2744  * !!!main             c_w.l(__main.o)
    0x080000f4   0x080000f4   0x00000034   Code   RO         2950    !!!scatter          c_w.l(__scatter.o)
    0x08000128   0x08000128   0x0000001a   Code   RO         2952    !!handler_copy      c_w.l(__scatter_copy.o)
    0x08000142   0x08000142   0x00000002   PAD
    0x08000144   0x08000144   0x0000001c   Code   RO         2954    !!handler_zi        c_w.l(__scatter_zi.o)
    0x08000160   0x08000160   0x00000002   Code   RO         2810    .ARM.Collect$$libinit$$00000000  c_w.l(libinit.o)
    0x08000162   0x08000162   0x00000000   Code   RO         2825    .ARM.Collect$$libinit$$00000002  c_w.l(libinit2.o)
    0x08000162   0x08000162   0x00000000   Code   RO         2827    .ARM.Collect$$libinit$$00000004  c_w.l(libinit2.o)
    0x08000162   0x08000162   0x00000000   Code   RO         2830    .ARM.Collect$$libinit$$0000000A  c_w.l(libinit2.o)
    0x08000162   0x08000162   0x00000000   Code   RO         2832    .ARM.Collect$$libinit$$0000000C  c_w.l(libinit2.o)
    0x08000162   0x08000162   0x00000000   Code   RO         2834    .ARM.Collect$$libinit$$0000000E  c_w.l(libinit2.o)
    0x08000162   0x08000162   0x00000006   Code   RO         2835    .ARM.Collect$$libinit$$0000000F  c_w.l(libinit2.o)
    0x08000168   0x08000168   0x00000000   Code   RO         2837    .ARM.Collect$$libinit$$00000011  c_w.l(libinit2.o)
    0x08000168   0x08000168   0x0000000c   Code   RO         2838    .ARM.Collect$$libinit$$00000012  c_w.l(libinit2.o)
    0x08000174   0x08000174   0x00000000   Code   RO         2839    .ARM.Collect$$libinit$$00000013  c_w.l(libinit2.o)
    0x08000174   0x08000174   0x00000000   Code   RO         2841    .ARM.Collect$$libinit$$00000015  c_w.l(libinit2.o)
    0x08000174   0x08000174   0x00000000   Code   RO         2843    .ARM.Collect$$libinit$$00000017  c_w.l(libinit2.o)
    0x08000174   0x08000174   0x00000000   Code   RO         2845    .ARM.Collect$$libinit$$00000019  c_w.l(libinit2.o)
    0x08000174   0x08000174   0x00000000   Code   RO         2847    .ARM.Collect$$libinit$$0000001B  c_w.l(libinit2.o)
    0x08000174   0x08000174   0x00000000   Code   RO         2849    .ARM.Collect$$libinit$$0000001D  c_w.l(libinit2.o)
    0x08000174   0x08000174   0x00000000   Code   RO         2851    .ARM.Collect$$libinit$$0000001F  c_w.l(libinit2.o)
    0x08000174   0x08000174   0x00000000   Code   RO         2853    .ARM.Collect$$libinit$$00000021  c_w.l(libinit2.o)
    0x08000174   0x08000174   0x00000000   Code   RO         2855    .ARM.Collect$$libinit$$00000023  c_w.l(libinit2.o)
    0x08000174   0x08000174   0x00000000   Code   RO         2857    .ARM.Collect$$libinit$$00000025  c_w.l(libinit2.o)
    0x08000174   0x08000174   0x00000000   Code   RO         2861    .ARM.Collect$$libinit$$0000002C  c_w.l(libinit2.o)
    0x08000174   0x08000174   0x00000000   Code   RO         2863    .ARM.Collect$$libinit$$0000002E  c_w.l(libinit2.o)
    0x08000174   0x08000174   0x00000000   Code   RO         2865    .ARM.Collect$$libinit$$00000030  c_w.l(libinit2.o)
    0x08000174   0x08000174   0x00000000   Code   RO         2867    .ARM.Collect$$libinit$$00000032  c_w.l(libinit2.o)
    0x08000174   0x08000174   0x00000002   Code   RO         2868    .ARM.Collect$$libinit$$00000033  c_w.l(libinit2.o)
    0x08000176   0x08000176   0x00000002   Code   RO         2890    .ARM.Collect$$libshutdown$$00000000  c_w.l(libshutdown.o)
    0x08000178   0x08000178   0x00000000   Code   RO         2903    .ARM.Collect$$libshutdown$$00000002  c_w.l(libshutdown2.o)
    0x08000178   0x08000178   0x00000000   Code   RO         2905    .ARM.Collect$$libshutdown$$00000004  c_w.l(libshutdown2.o)
    0x08000178   0x08000178   0x00000000   Code   RO         2908    .ARM.Collect$$libshutdown$$00000007  c_w.l(libshutdown2.o)
    0x08000178   0x08000178   0x00000000   Code   RO         2911    .ARM.Collect$$libshutdown$$0000000A  c_w.l(libshutdown2.o)
    0x08000178   0x08000178   0x00000000   Code   RO         2913    .ARM.Collect$$libshutdown$$0000000C  c_w.l(libshutdown2.o)
    0x08000178   0x08000178   0x00000000   Code   RO         2916    .ARM.Collect$$libshutdown$$0000000F  c_w.l(libshutdown2.o)
    0x08000178   0x08000178   0x00000002   Code   RO         2917    .ARM.Collect$$libshutdown$$00000010  c_w.l(libshutdown2.o)
    0x0800017a   0x0800017a   0x00000000   Code   RO         2764    .ARM.Collect$$rtentry$$00000000  c_w.l(__rtentry.o)
    0x0800017a   0x0800017a   0x00000000   Code   RO         2781    .ARM.Collect$$rtentry$$00000002  c_w.l(__rtentry2.o)
    0x0800017a   0x0800017a   0x00000006   Code   RO         2793    .ARM.Collect$$rtentry$$00000004  c_w.l(__rtentry4.o)
    0x08000180   0x08000180   0x00000000   Code   RO         2783    .ARM.Collect$$rtentry$$00000009  c_w.l(__rtentry2.o)
    0x08000180   0x08000180   0x00000004   Code   RO         2784    .ARM.Collect$$rtentry$$0000000A  c_w.l(__rtentry2.o)
    0x08000184   0x08000184   0x00000000   Code   RO         2786    .ARM.Collect$$rtentry$$0000000C  c_w.l(__rtentry2.o)
    0x08000184   0x08000184   0x00000008   Code   RO         2787    .ARM.Collect$$rtentry$$0000000D  c_w.l(__rtentry2.o)
    0x0800018c   0x0800018c   0x00000002   Code   RO         2814    .ARM.Collect$$rtexit$$00000000  c_w.l(rtexit.o)
    0x0800018e   0x0800018e   0x00000000   Code   RO         2870    .ARM.Collect$$rtexit$$00000002  c_w.l(rtexit2.o)
    0x0800018e   0x0800018e   0x00000004   Code   RO         2871    .ARM.Collect$$rtexit$$00000003  c_w.l(rtexit2.o)
    0x08000192   0x08000192   0x00000006   Code   RO         2872    .ARM.Collect$$rtexit$$00000004  c_w.l(rtexit2.o)
    0x08000198   0x08000198   0x00000040   Code   RO            4    .text               startup_stm32f103xb.o
    0x080001d8   0x080001d8   0x0000003c   Code   RO         2726    .text               c_w.l(__0sscanf.o)
    0x08000214   0x08000214   0x0000014c   Code   RO         2728    .text               c_w.l(_scanf_int.o)
    0x08000360   0x08000360   0x00000024   Code   RO         2730    .text               c_w.l(strstr.o)
    0x08000384   0x08000384   0x0000003e   Code   RO         2732    .text               c_w.l(strlen.o)
    0x080003c2   0x080003c2   0x0000008a   Code   RO         2734    .text               c_w.l(rt_memcpy_v6.o)
    0x0800044c   0x0800044c   0x00000064   Code   RO         2736    .text               c_w.l(rt_memcpy_w.o)
    0x080004b0   0x080004b0   0x00000044   Code   RO         2738    .text               c_w.l(rt_memclr.o)
    0x080004f4   0x080004f4   0x0000004e   Code   RO         2740    .text               c_w.l(rt_memclr_w.o)
    0x08000542   0x08000542   0x00000006   Code   RO         2742    .text               c_w.l(heapauxi.o)
    0x08000548   0x08000548   0x0000001c   Code   RO         2765    .text               c_w.l(_chval.o)
    0x08000564   0x08000564   0x0000002c   Code   RO         2767    .text               c_w.l(scanf_char.o)
    0x08000590   0x08000590   0x00000040   Code   RO         2769    .text               c_w.l(_sgetc.o)
    0x080005d0   0x080005d0   0x00000012   Code   RO         2795    .text               c_w.l(isspace.o)
    0x080005e2   0x080005e2   0x00000002   PAD
    0x080005e4   0x080005e4   0x00000374   Code   RO         2797    .text               c_w.l(_scanf.o)
    0x08000958   0x08000958   0x0000004a   Code   RO         2799    .text               c_w.l(sys_stackheap_outer.o)
    0x080009a2   0x080009a2   0x00000002   PAD
    0x080009a4   0x080009a4   0x00000010   Code   RO         2801    .text               c_w.l(rt_ctype_table.o)
    0x080009b4   0x080009b4   0x00000012   Code   RO         2803    .text               c_w.l(exit.o)
    0x080009c6   0x080009c6   0x00000002   PAD
    0x080009c8   0x080009c8   0x00000008   Code   RO         2811    .text               c_w.l(libspace.o)
    0x080009d0   0x080009d0   0x00000008   Code   RO         2819    .text               c_w.l(rt_locale_intlibspace.o)
    0x080009d8   0x080009d8   0x00000080   Code   RO         2876    .text               c_w.l(strcmpv7m.o)
    0x08000a58   0x08000a58   0x0000000c   Code   RO         2882    .text               c_w.l(sys_exit.o)
    0x08000a64   0x08000a64   0x00000002   Code   RO         2893    .text               c_w.l(use_no_semi.o)
    0x08000a66   0x08000a66   0x00000000   Code   RO         2895    .text               c_w.l(indicate_semi.o)
    0x08000a66   0x08000a66   0x00000002   PAD
    0x08000a68   0x08000a68   0x00000010   Code   RO          551    i.ADC1_2_IRQHandler  stm32f1xx_it.o
    0x08000a78   0x08000a78   0x0000005c   Code   RO          718    i.ADC_ConversionStop_Disable  stm32f1xx_hal_adc.o
    0x08000ad4   0x08000ad4   0x00000052   Code   RO          719    i.ADC_DMAConvCplt   stm32f1xx_hal_adc.o
    0x08000b26   0x08000b26   0x0000001e   Code   RO          720    i.ADC_DMAError      stm32f1xx_hal_adc.o
    0x08000b44   0x08000b44   0x0000000e   Code   RO          721    i.ADC_DMAHalfConvCplt  stm32f1xx_hal_adc.o
    0x08000b52   0x08000b52   0x00000002   PAD
    0x08000b54   0x08000b54   0x00000090   Code   RO          722    i.ADC_Enable        stm32f1xx_hal_adc.o
    0x08000be4   0x08000be4   0x00000004   Code   RO          552    i.BusFault_Handler  stm32f1xx_it.o
    0x08000be8   0x08000be8   0x00000014   Code   RO           13    i.Clear_Buffer      nbiot.o
    0x08000bfc   0x08000bfc   0x00000010   Code   RO          553    i.DMA1_Channel1_IRQHandler  stm32f1xx_it.o
    0x08000c0c   0x08000c0c   0x0000002c   Code   RO         1379    i.DMA_SetConfig     stm32f1xx_hal_dma.o
    0x08000c38   0x08000c38   0x00000002   Code   RO          554    i.DebugMon_Handler  stm32f1xx_it.o
    0x08000c3a   0x08000c3a   0x0000000c   Code   RO          555    i.EXTI9_5_IRQHandler  stm32f1xx_it.o
    0x08000c46   0x08000c46   0x00000006   Code   RO          225    i.Error_Handler     main.o
    0x08000c4c   0x08000c4c   0x000000f0   Code   RO          226    i.Get_nowtime       main.o
    0x08000d3c   0x08000d3c   0x00000002   Code   RO          900    i.HAL_ADCEx_InjectedConvCpltCallback  stm32f1xx_hal_adc_ex.o
    0x08000d3e   0x08000d3e   0x00000002   PAD
    0x08000d40   0x08000d40   0x00000160   Code   RO          724    i.HAL_ADC_ConfigChannel  stm32f1xx_hal_adc.o
    0x08000ea0   0x08000ea0   0x00000002   Code   RO          725    i.HAL_ADC_ConvCpltCallback  stm32f1xx_hal_adc.o
    0x08000ea2   0x08000ea2   0x00000002   Code   RO          726    i.HAL_ADC_ConvHalfCpltCallback  stm32f1xx_hal_adc.o
    0x08000ea4   0x08000ea4   0x00000002   Code   RO          728    i.HAL_ADC_ErrorCallback  stm32f1xx_hal_adc.o
    0x08000ea6   0x08000ea6   0x00000112   Code   RO          732    i.HAL_ADC_IRQHandler  stm32f1xx_hal_adc.o
    0x08000fb8   0x08000fb8   0x00000144   Code   RO          733    i.HAL_ADC_Init      stm32f1xx_hal_adc.o
    0x080010fc   0x080010fc   0x00000002   Code   RO          734    i.HAL_ADC_LevelOutOfWindowCallback  stm32f1xx_hal_adc.o
    0x080010fe   0x080010fe   0x00000002   PAD
    0x08001100   0x08001100   0x000000c0   Code   RO          400    i.HAL_ADC_MspInit   adc.o
    0x080011c0   0x080011c0   0x00000180   Code   RO          740    i.HAL_ADC_Start_DMA  stm32f1xx_hal_adc.o
    0x08001340   0x08001340   0x00000056   Code   RO         1380    i.HAL_DMA_Abort     stm32f1xx_hal_dma.o
    0x08001396   0x08001396   0x00000002   PAD
    0x08001398   0x08001398   0x000000b0   Code   RO         1381    i.HAL_DMA_Abort_IT  stm32f1xx_hal_dma.o
    0x08001448   0x08001448   0x0000019c   Code   RO         1385    i.HAL_DMA_IRQHandler  stm32f1xx_hal_dma.o
    0x080015e4   0x080015e4   0x00000068   Code   RO         1386    i.HAL_DMA_Init      stm32f1xx_hal_dma.o
    0x0800164c   0x0800164c   0x0000009c   Code   RO         1390    i.HAL_DMA_Start_IT  stm32f1xx_hal_dma.o
    0x080016e8   0x080016e8   0x00000028   Code   RO         1001    i.HAL_Delay         stm32f1xx_hal.o
    0x08001710   0x08001710   0x0000019c   Code   RO          227    i.HAL_GPIO_EXTI_Callback  main.o
    0x080018ac   0x080018ac   0x0000001c   Code   RO         1315    i.HAL_GPIO_EXTI_IRQHandler  stm32f1xx_hal_gpio.o
    0x080018c8   0x080018c8   0x00000320   Code   RO         1316    i.HAL_GPIO_Init     stm32f1xx_hal_gpio.o
    0x08001be8   0x08001be8   0x0000000c   Code   RO         1320    i.HAL_GPIO_WritePin  stm32f1xx_hal_gpio.o
    0x08001bf4   0x08001bf4   0x0000000c   Code   RO         1005    i.HAL_GetTick       stm32f1xx_hal.o
    0x08001c00   0x08001c00   0x00000018   Code   RO         1011    i.HAL_IncTick       stm32f1xx_hal.o
    0x08001c18   0x08001c18   0x00000028   Code   RO         1012    i.HAL_Init          stm32f1xx_hal.o
    0x08001c40   0x08001c40   0x0000004c   Code   RO         1013    i.HAL_InitTick      stm32f1xx_hal.o
    0x08001c8c   0x08001c8c   0x00000054   Code   RO          658    i.HAL_MspInit       stm32f1xx_hal_msp.o
    0x08001ce0   0x08001ce0   0x00000020   Code   RO         1476    i.HAL_NVIC_EnableIRQ  stm32f1xx_hal_cortex.o
    0x08001d00   0x08001d00   0x0000007c   Code   RO         1482    i.HAL_NVIC_SetPriority  stm32f1xx_hal_cortex.o
    0x08001d7c   0x08001d7c   0x00000028   Code   RO         1483    i.HAL_NVIC_SetPriorityGrouping  stm32f1xx_hal_cortex.o
    0x08001da4   0x08001da4   0x0000000c   Code   RO         1603    i.HAL_PWR_EnableBkUpAccess  stm32f1xx_hal_pwr.o
    0x08001db0   0x08001db0   0x000000fc   Code   RO         1277    i.HAL_RCCEx_GetPeriphCLKFreq  stm32f1xx_hal_rcc_ex.o
    0x08001eac   0x08001eac   0x00000130   Code   RO         1278    i.HAL_RCCEx_PeriphCLKConfig  stm32f1xx_hal_rcc_ex.o
    0x08001fdc   0x08001fdc   0x0000018c   Code   RO         1169    i.HAL_RCC_ClockConfig  stm32f1xx_hal_rcc.o
    0x08002168   0x08002168   0x0000000c   Code   RO         1174    i.HAL_RCC_GetHCLKFreq  stm32f1xx_hal_rcc.o
    0x08002174   0x08002174   0x00000020   Code   RO         1176    i.HAL_RCC_GetPCLK1Freq  stm32f1xx_hal_rcc.o
    0x08002194   0x08002194   0x00000020   Code   RO         1177    i.HAL_RCC_GetPCLK2Freq  stm32f1xx_hal_rcc.o
    0x080021b4   0x080021b4   0x00000070   Code   RO         1178    i.HAL_RCC_GetSysClockFreq  stm32f1xx_hal_rcc.o
    0x08002224   0x08002224   0x00000464   Code   RO         1181    i.HAL_RCC_OscConfig  stm32f1xx_hal_rcc.o
    0x08002688   0x08002688   0x0000000c   Code   RO          228    i.HAL_RTC_AlarmAEventCallback  main.o
    0x08002694   0x08002694   0x0000003c   Code   RO         2003    i.HAL_RTC_AlarmIRQHandler  stm32f1xx_hal_rtc.o
    0x080026d0   0x080026d0   0x00000052   Code   RO         2007    i.HAL_RTC_GetDate   stm32f1xx_hal_rtc.o
    0x08002722   0x08002722   0x00000104   Code   RO         2009    i.HAL_RTC_GetTime   stm32f1xx_hal_rtc.o
    0x08002826   0x08002826   0x00000002   PAD
    0x08002828   0x08002828   0x000000c0   Code   RO         2010    i.HAL_RTC_Init      stm32f1xx_hal_rtc.o
    0x080028e8   0x080028e8   0x00000050   Code   RO          466    i.HAL_RTC_MspInit   rtc.o
    0x08002938   0x08002938   0x0000010c   Code   RO         2015    i.HAL_RTC_SetAlarm_IT  stm32f1xx_hal_rtc.o
    0x08002a44   0x08002a44   0x000000f8   Code   RO         2016    i.HAL_RTC_SetDate   stm32f1xx_hal_rtc.o
    0x08002b3c   0x08002b3c   0x000000dc   Code   RO         2017    i.HAL_RTC_SetTime   stm32f1xx_hal_rtc.o
    0x08002c18   0x08002c18   0x00000040   Code   RO         2018    i.HAL_RTC_WaitForSynchro  stm32f1xx_hal_rtc.o
    0x08002c58   0x08002c58   0x00000012   Code   RO         1016    i.HAL_ResumeTick    stm32f1xx_hal.o
    0x08002c6a   0x08002c6a   0x00000034   Code   RO         1487    i.HAL_SYSTICK_Config  stm32f1xx_hal_cortex.o
    0x08002c9e   0x08002c9e   0x00000002   Code   RO         2327    i.HAL_UARTEx_RxEventCallback  stm32f1xx_hal_uart.o
    0x08002ca0   0x08002ca0   0x00000002   Code   RO         2341    i.HAL_UART_ErrorCallback  stm32f1xx_hal_uart.o
    0x08002ca2   0x08002ca2   0x00000002   PAD
    0x08002ca4   0x08002ca4   0x000002e4   Code   RO         2344    i.HAL_UART_IRQHandler  stm32f1xx_hal_uart.o
    0x08002f88   0x08002f88   0x00000076   Code   RO         2345    i.HAL_UART_Init     stm32f1xx_hal_uart.o
    0x08002ffe   0x08002ffe   0x00000002   PAD
    0x08003000   0x08003000   0x00000098   Code   RO          509    i.HAL_UART_MspInit  usart.o
    0x08003098   0x08003098   0x0000002c   Code   RO         2350    i.HAL_UART_Receive_IT  stm32f1xx_hal_uart.o
    0x080030c4   0x080030c4   0x00000060   Code   RO          229    i.HAL_UART_RxCpltCallback  main.o
    0x08003124   0x08003124   0x000000be   Code   RO         2353    i.HAL_UART_Transmit  stm32f1xx_hal_uart.o
    0x080031e2   0x080031e2   0x00000002   Code   RO         2356    i.HAL_UART_TxCpltCallback  stm32f1xx_hal_uart.o
    0x080031e4   0x080031e4   0x00000004   Code   RO          556    i.HardFault_Handler  stm32f1xx_it.o
    0x080031e8   0x080031e8   0x0000008c   Code   RO          401    i.MX_ADC1_Init      adc.o
    0x08003274   0x08003274   0x00000034   Code   RO          441    i.MX_DMA_Init       dma.o
    0x080032a8   0x080032a8   0x00000110   Code   RO          375    i.MX_GPIO_Init      gpio.o
    0x080033b8   0x080033b8   0x000000a4   Code   RO          467    i.MX_RTC_Init       rtc.o
    0x0800345c   0x0800345c   0x00000038   Code   RO          510    i.MX_USART1_UART_Init  usart.o
    0x08003494   0x08003494   0x00000004   Code   RO          557    i.MemManage_Handler  stm32f1xx_it.o
    0x08003498   0x08003498   0x00000048   Code   RO          230    i.MyRTC_ReadTime    main.o
    0x080034e0   0x080034e0   0x00000020   Code   RO           14    i.NB_IoT_ack_check  nbiot.o
    0x08003500   0x08003500   0x00000004   Code   RO          558    i.NMI_Handler       stm32f1xx_it.o
    0x08003504   0x08003504   0x00000002   Code   RO          559    i.PendSV_Handler    stm32f1xx_it.o
    0x08003506   0x08003506   0x00000002   PAD
    0x08003508   0x08003508   0x00000028   Code   RO         1182    i.RCC_Delay         stm32f1xx_hal_rcc.o
    0x08003530   0x08003530   0x00000010   Code   RO          560    i.RTC_Alarm_IRQHandler  stm32f1xx_it.o
    0x08003540   0x08003540   0x00000016   Code   RO         2019    i.RTC_Bcd2ToByte    stm32f1xx_hal_rtc.o
    0x08003556   0x08003556   0x0000001a   Code   RO         2020    i.RTC_ByteToBcd2    stm32f1xx_hal_rtc.o
    0x08003570   0x08003570   0x000000b6   Code   RO         2021    i.RTC_DateUpdate    stm32f1xx_hal_rtc.o
    0x08003626   0x08003626   0x0000003a   Code   RO         2022    i.RTC_EnterInitMode  stm32f1xx_hal_rtc.o
    0x08003660   0x08003660   0x0000003a   Code   RO         2023    i.RTC_ExitInitMode  stm32f1xx_hal_rtc.o
    0x0800369a   0x0800369a   0x00000032   Code   RO         2024    i.RTC_IsLeapYear    stm32f1xx_hal_rtc.o
    0x080036cc   0x080036cc   0x00000018   Code   RO         2025    i.RTC_ReadAlarmCounter  stm32f1xx_hal_rtc.o
    0x080036e4   0x080036e4   0x00000034   Code   RO         2026    i.RTC_ReadTimeCounter  stm32f1xx_hal_rtc.o
    0x08003718   0x08003718   0x00000084   Code   RO         2027    i.RTC_WeekDayNum    stm32f1xx_hal_rtc.o
    0x0800379c   0x0800379c   0x0000002e   Code   RO         2028    i.RTC_WriteAlarmCounter  stm32f1xx_hal_rtc.o
    0x080037ca   0x080037ca   0x0000002e   Code   RO         2029    i.RTC_WriteTimeCounter  stm32f1xx_hal_rtc.o
    0x080037f8   0x080037f8   0x00000002   Code   RO          561    i.SVC_Handler       stm32f1xx_it.o
    0x080037fa   0x080037fa   0x00000008   Code   RO          562    i.SysTick_Handler   stm32f1xx_it.o
    0x08003802   0x08003802   0x0000008e   Code   RO          232    i.SystemClock_Config  main.o
    0x08003890   0x08003890   0x00000002   Code   RO         2689    i.SystemInit        system_stm32f1xx.o
    0x08003892   0x08003892   0x00000014   Code   RO         2358    i.UART_DMAAbortOnError  stm32f1xx_hal_uart.o
    0x080038a6   0x080038a6   0x0000006c   Code   RO         2368    i.UART_EndRxTransfer  stm32f1xx_hal_uart.o
    0x08003912   0x08003912   0x00000020   Code   RO         2369    i.UART_EndTransmit_IT  stm32f1xx_hal_uart.o
    0x08003932   0x08003932   0x000000fc   Code   RO         2371    i.UART_Receive_IT   stm32f1xx_hal_uart.o
    0x08003a2e   0x08003a2e   0x00000002   PAD
    0x08003a30   0x08003a30   0x000000fc   Code   RO         2372    i.UART_SetConfig    stm32f1xx_hal_uart.o
    0x08003b2c   0x08003b2c   0x00000040   Code   RO         2374    i.UART_Start_Receive_IT  stm32f1xx_hal_uart.o
    0x08003b6c   0x08003b6c   0x00000060   Code   RO         2375    i.UART_Transmit_IT  stm32f1xx_hal_uart.o
    0x08003bcc   0x08003bcc   0x0000008c   Code   RO         2376    i.UART_WaitOnFlagUntilTimeout  stm32f1xx_hal_uart.o
    0x08003c58   0x08003c58   0x00000010   Code   RO          563    i.USART1_IRQHandler  stm32f1xx_it.o
    0x08003c68   0x08003c68   0x000000f0   Code   RO          233    i.UpdateRTC         main.o
    0x08003d58   0x08003d58   0x000000b0   Code   RO          234    i.Update_RTC_time   main.o
    0x08003e08   0x08003e08   0x00000004   Code   RO          564    i.UsageFault_Handler  stm32f1xx_it.o
    0x08003e0c   0x08003e0c   0x00000010   Code   RO         1489    i.__NVIC_GetPriorityGrouping  stm32f1xx_hal_cortex.o
    0x08003e1c   0x08003e1c   0x00000028   Code   RO         1490    i.__NVIC_SetPriority  stm32f1xx_hal_cortex.o
    0x08003e44   0x08003e44   0x00000006   Code   RO          235    i.calculate_package_size  main.o
    0x08003e4a   0x08003e4a   0x0000008e   Code   RO          236    i.calculate_timestamp  main.o
    0x08003ed8   0x08003ed8   0x00000034   Code   RO          237    i.days_in_month     main.o
    0x08003f0c   0x08003f0c   0x00000048   Code   RO          238    i.get_timestamp     main.o
    0x08003f54   0x08003f54   0x00000034   Code   RO          239    i.is_leap_year      main.o
    0x08003f88   0x08003f88   0x00000024   Code   RO          240    i.main              main.o
    0x08003fac   0x08003fac   0x00000020   Code   RO           18    i.send_NB_IoT       nbiot.o
    0x08003fcc   0x08003fcc   0x00000038   Code   RO          241    i.send_data         main.o
    0x08004004   0x08004004   0x00000070   Code   RO          243    i.serialize_package  main.o
    0x08004074   0x08004074   0x0000002c   Code   RO         2822    locale$$code        c_w.l(lc_ctype_c.o)
    0x080040a0   0x080040a0   0x0000005a   Code   RO         2746    x$fpl$dfixu         fz_ws.l(dfixu.o)
    0x080040fa   0x080040fa   0x00000002   PAD
    0x080040fc   0x080040fc   0x00000154   Code   RO         2750    x$fpl$dmul          fz_ws.l(dmul.o)
    0x08004250   0x08004250   0x0000009c   Code   RO         2771    x$fpl$dnaninf       fz_ws.l(dnaninf.o)
    0x080042ec   0x080042ec   0x0000000c   Code   RO         2773    x$fpl$dretinf       fz_ws.l(dretinf.o)
    0x080042f8   0x080042f8   0x00000056   Code   RO         2752    x$fpl$f2d           fz_ws.l(f2d.o)
    0x0800434e   0x0800434e   0x00000002   PAD
    0x08004350   0x08004350   0x00000184   Code   RO         2755    x$fpl$fdiv          fz_ws.l(fdiv.o)
    0x080044d4   0x080044d4   0x00000026   Code   RO         2758    x$fpl$ffltu         fz_ws.l(fflt_clz.o)
    0x080044fa   0x080044fa   0x0000008c   Code   RO         2775    x$fpl$fnaninf       fz_ws.l(fnaninf.o)
    0x08004586   0x08004586   0x0000000a   Code   RO         2777    x$fpl$fretinf       fz_ws.l(fretinf.o)
    0x08004590   0x08004590   0x00000000   Code   RO         2779    x$fpl$usenofp       fz_ws.l(usenofp.o)
    0x08004590   0x08004590   0x00000030   Data   RO          247    .constdata          main.o
    0x080045c0   0x080045c0   0x00000012   Data   RO         1183    .constdata          stm32f1xx_hal_rcc.o
    0x080045d2   0x080045d2   0x00000012   Data   RO         1279    .constdata          stm32f1xx_hal_rcc_ex.o
    0x080045e4   0x080045e4   0x00000018   Data   RO         2690    .constdata          system_stm32f1xx.o
    0x080045fc   0x080045fc   0x00000020   Data   RO         2948    Region$$Table       anon$$obj.o
    0x0800461c   0x0800461c   0x00000110   Data   RO         2821    locale$$data        c_w.l(lc_ctype_c.o)


    Execution Region RW_IRAM1 (Exec base: 0x20000000, Load base: 0x0800472c, Size: 0x00000e50, Max: 0x00005000, ABSOLUTE)

    Exec Addr    Load Addr    Size         Type   Attr      Idx    E Section Name        Object

    0x20000000   0x0800472c   0x00000040   Data   RW          248    .data               main.o
    0x20000040   0x0800476c   0x00000009   Data   RW         1019    .data               stm32f1xx_hal.o
    0x20000049   0x08004775   0x00000003   PAD
    0x2000004c   0x08004778   0x00000004   Data   RW         2691    .data               system_stm32f1xx.o
    0x20000050        -       0x000006cc   Zero   RW          246    .bss                main.o
    0x2000071c        -       0x00000074   Zero   RW          402    .bss                adc.o
    0x20000790        -       0x00000014   Zero   RW          468    .bss                rtc.o
    0x200007a4        -       0x00000048   Zero   RW          511    .bss                usart.o
    0x200007ec        -       0x00000060   Zero   RW         2812    .bss                c_w.l(libspace.o)
    0x2000084c   0x0800477c   0x00000004   PAD
    0x20000850        -       0x00000200   Zero   RW            2    HEAP                startup_stm32f103xb.o
    0x20000a50        -       0x00000400   Zero   RW            1    STACK               startup_stm32f103xb.o


==============================================================================

Image component sizes


      Code (inc. data)   RO Data    RW Data    ZI Data      Debug   Object Name

       332         32          0          0        116       1759   adc.o
        52          4          0          0          0        698   dma.o
       272         18          0          0          0        947   gpio.o
      1924        194         48         64       1740      12256   main.o
        84         14          0          0          0     421752   nbiot.o
       244         22          0          0         20       1563   rtc.o
        64         26        236          0       1536        800   startup_stm32f103xb.o
       210         36          0          9          0       6262   stm32f1xx_hal.o
      1704         56          0          0          0       9578   stm32f1xx_hal_adc.o
         2          0          0          0          0       1061   stm32f1xx_hal_adc_ex.o
       304         22          0          0          0      29331   stm32f1xx_hal_cortex.o
       978         12          0          0          0       4782   stm32f1xx_hal_dma.o
       840         38          0          0          0       3231   stm32f1xx_hal_gpio.o
        84          8          0          0          0        842   stm32f1xx_hal_msp.o
        12          4          0          0          0        503   stm32f1xx_hal_pwr.o
      1748         98         18          0          0       5880   stm32f1xx_hal_rcc.o
       556         34         18          0          0       2341   stm32f1xx_hal_rcc_ex.o
      2090         28          0          0          0      14252   stm32f1xx_hal_rtc.o
      2062          8          0          0          0      11800   stm32f1xx_hal_uart.o
       110         24          0          0          0       5969   stm32f1xx_it.o
         2          0         24          4          0       1063   system_stm32f1xx.o
       208         24          0          0         72       1689   usart.o

    ----------------------------------------------------------------------
     13900        702        376         80       3484     538359   Object Totals
         0          0         32          0          0          0   (incl. Generated)
        18          0          0          3          0          0   (incl. Padding)

    ----------------------------------------------------------------------

      Code (inc. data)   RO Data    RW Data    ZI Data      Debug   Library Member Name

        60          8          0          0          0         84   __0sscanf.o
         8          0          0          0          0         68   __main.o
         0          0          0          0          0          0   __rtentry.o
        12          0          0          0          0          0   __rtentry2.o
         6          0          0          0          0          0   __rtentry4.o
        52          8          0          0          0          0   __scatter.o
        26          0          0          0          0          0   __scatter_copy.o
        28          0          0          0          0          0   __scatter_zi.o
        28          0          0          0          0         68   _chval.o
       884          6          0          0          0        100   _scanf.o
       332          0          0          0          0         96   _scanf_int.o
        64          0          0          0          0         84   _sgetc.o
        18          0          0          0          0         80   exit.o
         6          0          0          0          0        152   heapauxi.o
         0          0          0          0          0          0   indicate_semi.o
        18          0          0          0          0         76   isspace.o
        44         10        272          0          0         76   lc_ctype_c.o
         2          0          0          0          0          0   libinit.o
        20          0          0          0          0          0   libinit2.o
         2          0          0          0          0          0   libshutdown.o
         2          0          0          0          0          0   libshutdown2.o
         8          4          0          0         96         68   libspace.o
        16          4          0          0          0         76   rt_ctype_table.o
         8          4          0          0          0         68   rt_locale_intlibspace.o
        68          0          0          0          0         68   rt_memclr.o
        78          0          0          0          0         80   rt_memclr_w.o
       138          0          0          0          0         68   rt_memcpy_v6.o
       100          0          0          0          0         80   rt_memcpy_w.o
         2          0          0          0          0          0   rtexit.o
        10          0          0          0          0          0   rtexit2.o
        44          8          0          0          0         84   scanf_char.o
       128          0          0          0          0         68   strcmpv7m.o
        62          0          0          0          0         76   strlen.o
        36          0          0          0          0         80   strstr.o
        12          4          0          0          0         68   sys_exit.o
        74          0          0          0          0         80   sys_stackheap_outer.o
         2          0          0          0          0         68   use_no_semi.o
        90          4          0          0          0         92   dfixu.o
       340         12          0          0          0        104   dmul.o
       156          4          0          0          0         92   dnaninf.o
        12          0          0          0          0         68   dretinf.o
        86          4          0          0          0         84   f2d.o
       388         76          0          0          0         96   fdiv.o
        38          0          0          0          0         68   fflt_clz.o
       140          4          0          0          0         84   fnaninf.o
        10          0          0          0          0         68   fretinf.o
         0          0          0          0          0          0   usenofp.o

    ----------------------------------------------------------------------
      3672        160        272          0        100       2672   Library Totals
        14          0          0          0          4          0   (incl. Padding)

    ----------------------------------------------------------------------

      Code (inc. data)   RO Data    RW Data    ZI Data      Debug   Library Name

      2398         56        272          0         96       1916   c_w.l
      1260        104          0          0          0        756   fz_ws.l

    ----------------------------------------------------------------------
      3672        160        272          0        100       2672   Library Totals

    ----------------------------------------------------------------------

==============================================================================


      Code (inc. data)   RO Data    RW Data    ZI Data      Debug   

     17572        862        648         80       3584     533435   Grand Totals
     17572        862        648         80       3584     533435   ELF Image Totals
     17572        862        648         80          0          0   ROM Totals

==============================================================================

    Total RO  Size (Code + RO Data)                18220 (  17.79kB)
    Total RW  Size (RW Data + ZI Data)              3664 (   3.58kB)
    Total ROM Size (Code + RO Data + RW Data)      18300 (  17.87kB)

==============================================================================

